Archive member included to satisfy reference by file (symbol)

.\CortexM3\ARM_GCC_541\Debug\RaspberryPiLatency.a(CyLib.o)
                              .\CortexM3\ARM_GCC_541\Debug\Cm3Start.o (CyHalt)
.\CortexM3\ARM_GCC_541\Debug\RaspberryPiLatency.a(cyPm.o)
                              .\CortexM3\ARM_GCC_541\Debug\RaspberryPiLatency.a(CyLib.o) (CyPmReadStatus)
.\CortexM3\ARM_GCC_541\Debug\RaspberryPiLatency.a(Pin_Output.o)
                              .\CortexM3\ARM_GCC_541\Debug\main.o (Pin_Output_Write)
.\CortexM3\ARM_GCC_541\Debug\RaspberryPiLatency.a(Pin_Input.o)
                              .\CortexM3\ARM_GCC_541\Debug\main.o (Pin_Input_ClearInterrupt)
.\CortexM3\ARM_GCC_541\Debug\RaspberryPiLatency.a(UART.o)
                              .\CortexM3\ARM_GCC_541\Debug\main.o (UART_Start)
.\CortexM3\ARM_GCC_541\Debug\RaspberryPiLatency.a(UART_IntClock.o)
                              .\CortexM3\ARM_GCC_541\Debug\RaspberryPiLatency.a(UART.o) (UART_IntClock_Start)
.\CortexM3\ARM_GCC_541\Debug\RaspberryPiLatency.a(ISR_Timer.o)
                              .\CortexM3\ARM_GCC_541\Debug\main.o (ISR_Timer_StartEx)
.\CortexM3\ARM_GCC_541\Debug\RaspberryPiLatency.a(Timer.o)
                              .\CortexM3\ARM_GCC_541\Debug\main.o (Timer_Stop)
.\CortexM3\ARM_GCC_541\Debug\RaspberryPiLatency.a(ISR_Input.o)
                              .\CortexM3\ARM_GCC_541\Debug\main.o (ISR_Input_StartEx)
.\CortexM3\ARM_GCC_541\Debug\RaspberryPiLatency.a(CyBootAsmGnu.o)
                              .\CortexM3\ARM_GCC_541\Debug\cyfitter_cfg.o (CyDelayCycles)
.\CortexM3\ARM_GCC_541\Debug\RaspberryPiLatency.a(CyFlash.o)
                              .\CortexM3\ARM_GCC_541\Debug\RaspberryPiLatency.a(cyPm.o) (CyFlash_SetWaitCycles)
.\CortexM3\ARM_GCC_541\Debug\RaspberryPiLatency.a(CySpc.o)
                              .\CortexM3\ARM_GCC_541\Debug\RaspberryPiLatency.a(CyFlash.o) (CySpcStart)
c:/program files (x86)/cypress/psoc creator/4.2/psoc creator/import/gnu/arm/5.4.1/bin/../lib/gcc/arm-none-eabi/5.4.1/../../../../arm-none-eabi/lib/armv7-m\libg_nano.a(lib_a-errno.o)
                              .\CortexM3\ARM_GCC_541\Debug\Cm3Start.o (__errno)
c:/program files (x86)/cypress/psoc creator/4.2/psoc creator/import/gnu/arm/5.4.1/bin/../lib/gcc/arm-none-eabi/5.4.1/../../../../arm-none-eabi/lib/armv7-m\libg_nano.a(lib_a-exit.o)
                              c:/program files (x86)/cypress/psoc creator/4.2/psoc creator/import/gnu/arm/5.4.1/bin/../lib/gcc/arm-none-eabi/5.4.1/../../../../arm-none-eabi/lib/armv7-m/crt0.o (exit)
c:/program files (x86)/cypress/psoc creator/4.2/psoc creator/import/gnu/arm/5.4.1/bin/../lib/gcc/arm-none-eabi/5.4.1/../../../../arm-none-eabi/lib/armv7-m\libg_nano.a(lib_a-impure.o)
                              c:/program files (x86)/cypress/psoc creator/4.2/psoc creator/import/gnu/arm/5.4.1/bin/../lib/gcc/arm-none-eabi/5.4.1/../../../../arm-none-eabi/lib/armv7-m\libg_nano.a(lib_a-exit.o) (_global_impure_ptr)
c:/program files (x86)/cypress/psoc creator/4.2/psoc creator/import/gnu/arm/5.4.1/bin/../lib/gcc/arm-none-eabi/5.4.1/../../../../arm-none-eabi/lib/armv7-m\libg_nano.a(lib_a-init.o)
                              c:/program files (x86)/cypress/psoc creator/4.2/psoc creator/import/gnu/arm/5.4.1/bin/../lib/gcc/arm-none-eabi/5.4.1/../../../../arm-none-eabi/lib/armv7-m/crt0.o (__libc_init_array)
c:/program files (x86)/cypress/psoc creator/4.2/psoc creator/import/gnu/arm/5.4.1/bin/../lib/gcc/arm-none-eabi/5.4.1/../../../../arm-none-eabi/lib/armv7-m\libg_nano.a(lib_a-itoa.o)
                              .\CortexM3\ARM_GCC_541\Debug\main.o (itoa)
c:/program files (x86)/cypress/psoc creator/4.2/psoc creator/import/gnu/arm/5.4.1/bin/../lib/gcc/arm-none-eabi/5.4.1/../../../../arm-none-eabi/lib/armv7-m\libg_nano.a(lib_a-memcpy-stub.o)
                              .\CortexM3\ARM_GCC_541\Debug\cyfitter_cfg.o (memcpy)
c:/program files (x86)/cypress/psoc creator/4.2/psoc creator/import/gnu/arm/5.4.1/bin/../lib/gcc/arm-none-eabi/5.4.1/../../../../arm-none-eabi/lib/armv7-m\libg_nano.a(lib_a-memset.o)
                              c:/program files (x86)/cypress/psoc creator/4.2/psoc creator/import/gnu/arm/5.4.1/bin/../lib/gcc/arm-none-eabi/5.4.1/../../../../arm-none-eabi/lib/armv7-m/crt0.o (memset)
c:/program files (x86)/cypress/psoc creator/4.2/psoc creator/import/gnu/arm/5.4.1/bin/../lib/gcc/arm-none-eabi/5.4.1/../../../../arm-none-eabi/lib/armv7-m\libg_nano.a(lib_a-utoa.o)
                              c:/program files (x86)/cypress/psoc creator/4.2/psoc creator/import/gnu/arm/5.4.1/bin/../lib/gcc/arm-none-eabi/5.4.1/../../../../arm-none-eabi/lib/armv7-m\libg_nano.a(lib_a-itoa.o) (__utoa)

Allocating common symbols
Common symbol       size              file

dieTemperature      0x2               .\CortexM3\ARM_GCC_541\Debug\RaspberryPiLatency.a(CyFlash.o)

Discarded input sections

 .text          0x00000000        0x0 c:/program files (x86)/cypress/psoc creator/4.2/psoc creator/import/gnu/arm/5.4.1/bin/../lib/gcc/arm-none-eabi/5.4.1/armv7-m/crti.o
 .data          0x00000000        0x0 c:/program files (x86)/cypress/psoc creator/4.2/psoc creator/import/gnu/arm/5.4.1/bin/../lib/gcc/arm-none-eabi/5.4.1/armv7-m/crti.o
 .bss           0x00000000        0x0 c:/program files (x86)/cypress/psoc creator/4.2/psoc creator/import/gnu/arm/5.4.1/bin/../lib/gcc/arm-none-eabi/5.4.1/armv7-m/crti.o
 .data          0x00000000        0x4 c:/program files (x86)/cypress/psoc creator/4.2/psoc creator/import/gnu/arm/5.4.1/bin/../lib/gcc/arm-none-eabi/5.4.1/armv7-m/crtbegin.o
 .text          0x00000000       0x74 c:/program files (x86)/cypress/psoc creator/4.2/psoc creator/import/gnu/arm/5.4.1/bin/../lib/gcc/arm-none-eabi/5.4.1/../../../../arm-none-eabi/lib/armv7-m/crt0.o
 .data          0x00000000        0x0 c:/program files (x86)/cypress/psoc creator/4.2/psoc creator/import/gnu/arm/5.4.1/bin/../lib/gcc/arm-none-eabi/5.4.1/../../../../arm-none-eabi/lib/armv7-m/crt0.o
 .bss           0x00000000        0x0 c:/program files (x86)/cypress/psoc creator/4.2/psoc creator/import/gnu/arm/5.4.1/bin/../lib/gcc/arm-none-eabi/5.4.1/../../../../arm-none-eabi/lib/armv7-m/crt0.o
 .ARM.extab     0x00000000        0x0 c:/program files (x86)/cypress/psoc creator/4.2/psoc creator/import/gnu/arm/5.4.1/bin/../lib/gcc/arm-none-eabi/5.4.1/../../../../arm-none-eabi/lib/armv7-m/crt0.o
 .ARM.exidx     0x00000000        0x8 c:/program files (x86)/cypress/psoc creator/4.2/psoc creator/import/gnu/arm/5.4.1/bin/../lib/gcc/arm-none-eabi/5.4.1/../../../../arm-none-eabi/lib/armv7-m/crt0.o
 .text          0x00000000        0x0 .\CortexM3\ARM_GCC_541\Debug\main.o
 .data          0x00000000        0x0 .\CortexM3\ARM_GCC_541\Debug\main.o
 .text          0x00000000        0x0 .\CortexM3\ARM_GCC_541\Debug\cyfitter_cfg.o
 .data          0x00000000        0x0 .\CortexM3\ARM_GCC_541\Debug\cyfitter_cfg.o
 .bss           0x00000000        0x0 .\CortexM3\ARM_GCC_541\Debug\cyfitter_cfg.o
 .text.SetAnalogRoutingPumps
                0x00000000       0x10 .\CortexM3\ARM_GCC_541\Debug\cyfitter_cfg.o
 .text          0x00000000        0x0 .\CortexM3\ARM_GCC_541\Debug\cymetadata.o
 .data          0x00000000        0x0 .\CortexM3\ARM_GCC_541\Debug\cymetadata.o
 .bss           0x00000000        0x0 .\CortexM3\ARM_GCC_541\Debug\cymetadata.o
 .text          0x00000000        0x0 .\CortexM3\ARM_GCC_541\Debug\Cm3Start.o
 .data          0x00000000        0x4 .\CortexM3\ARM_GCC_541\Debug\Cm3Start.o
 .bss           0x00000000        0x0 .\CortexM3\ARM_GCC_541\Debug\Cm3Start.o
 .text._exit    0x00000000        0xc .\CortexM3\ARM_GCC_541\Debug\Cm3Start.o
 .text._sbrk    0x00000000       0x30 .\CortexM3\ARM_GCC_541\Debug\Cm3Start.o
 .text          0x00000000        0x0 .\CortexM3\ARM_GCC_541\Debug\RaspberryPiLatency.a(CyLib.o)
 .bss           0x00000000       0x1c .\CortexM3\ARM_GCC_541\Debug\RaspberryPiLatency.a(CyLib.o)
 .text.CyUSB_PowerOnCheck
                0x00000000       0x48 .\CortexM3\ARM_GCC_541\Debug\RaspberryPiLatency.a(CyLib.o)
 .text.CyBusClk_Internal_SetDivider
                0x00000000       0x48 .\CortexM3\ARM_GCC_541\Debug\RaspberryPiLatency.a(CyLib.o)
 .text.CyPLL_OUT_Stop
                0x00000000       0x10 .\CortexM3\ARM_GCC_541\Debug\RaspberryPiLatency.a(CyLib.o)
 .text.CyIMO_Stop
                0x00000000       0x1c .\CortexM3\ARM_GCC_541\Debug\RaspberryPiLatency.a(CyLib.o)
 .text.CyIMO_EnableDoubler
                0x00000000       0x10 .\CortexM3\ARM_GCC_541\Debug\RaspberryPiLatency.a(CyLib.o)
 .text.CyIMO_DisableDoubler
                0x00000000       0x10 .\CortexM3\ARM_GCC_541\Debug\RaspberryPiLatency.a(CyLib.o)
 .text.CyMasterClk_SetSource
                0x00000000       0x18 .\CortexM3\ARM_GCC_541\Debug\RaspberryPiLatency.a(CyLib.o)
 .text.CyMasterClk_SetDivider
                0x00000000        0xc .\CortexM3\ARM_GCC_541\Debug\RaspberryPiLatency.a(CyLib.o)
 .text.CyBusClk_SetDivider
                0x00000000       0x70 .\CortexM3\ARM_GCC_541\Debug\RaspberryPiLatency.a(CyLib.o)
 .text.CyUsbClk_SetSource
                0x00000000       0x18 .\CortexM3\ARM_GCC_541\Debug\RaspberryPiLatency.a(CyLib.o)
 .text.CyILO_Start1K
                0x00000000       0x10 .\CortexM3\ARM_GCC_541\Debug\RaspberryPiLatency.a(CyLib.o)
 .text.CyILO_Stop1K
                0x00000000       0x10 .\CortexM3\ARM_GCC_541\Debug\RaspberryPiLatency.a(CyLib.o)
 .text.CyILO_Start100K
                0x00000000       0x10 .\CortexM3\ARM_GCC_541\Debug\RaspberryPiLatency.a(CyLib.o)
 .text.CyILO_Stop100K
                0x00000000       0x10 .\CortexM3\ARM_GCC_541\Debug\RaspberryPiLatency.a(CyLib.o)
 .text.CyPLL_OUT_Start
                0x00000000       0x78 .\CortexM3\ARM_GCC_541\Debug\RaspberryPiLatency.a(CyLib.o)
 .text.CyIMO_Start
                0x00000000       0x60 .\CortexM3\ARM_GCC_541\Debug\RaspberryPiLatency.a(CyLib.o)
 .text.CyILO_Enable33K
                0x00000000       0x10 .\CortexM3\ARM_GCC_541\Debug\RaspberryPiLatency.a(CyLib.o)
 .text.CyILO_Disable33K
                0x00000000       0x10 .\CortexM3\ARM_GCC_541\Debug\RaspberryPiLatency.a(CyLib.o)
 .text.CyILO_SetSource
                0x00000000       0x18 .\CortexM3\ARM_GCC_541\Debug\RaspberryPiLatency.a(CyLib.o)
 .text.CyILO_SetPowerMode
                0x00000000       0x24 .\CortexM3\ARM_GCC_541\Debug\RaspberryPiLatency.a(CyLib.o)
 .text.CyXTAL_32KHZ_Stop
                0x00000000       0x30 .\CortexM3\ARM_GCC_541\Debug\RaspberryPiLatency.a(CyLib.o)
 .text.CyXTAL_32KHZ_ReadStatus
                0x00000000       0x10 .\CortexM3\ARM_GCC_541\Debug\RaspberryPiLatency.a(CyLib.o)
 .text.CyXTAL_Start
                0x00000000       0xac .\CortexM3\ARM_GCC_541\Debug\RaspberryPiLatency.a(CyLib.o)
 .text.CyXTAL_Stop
                0x00000000       0x10 .\CortexM3\ARM_GCC_541\Debug\RaspberryPiLatency.a(CyLib.o)
 .text.CyXTAL_EnableErrStatus
                0x00000000       0x10 .\CortexM3\ARM_GCC_541\Debug\RaspberryPiLatency.a(CyLib.o)
 .text.CyXTAL_DisableErrStatus
                0x00000000       0x10 .\CortexM3\ARM_GCC_541\Debug\RaspberryPiLatency.a(CyLib.o)
 .text.CyXTAL_ReadStatus
                0x00000000       0x18 .\CortexM3\ARM_GCC_541\Debug\RaspberryPiLatency.a(CyLib.o)
 .text.CyXTAL_EnableFaultRecovery
                0x00000000       0x10 .\CortexM3\ARM_GCC_541\Debug\RaspberryPiLatency.a(CyLib.o)
 .text.CyXTAL_DisableFaultRecovery
                0x00000000       0x10 .\CortexM3\ARM_GCC_541\Debug\RaspberryPiLatency.a(CyLib.o)
 .text.CyXTAL_SetStartup
                0x00000000       0x18 .\CortexM3\ARM_GCC_541\Debug\RaspberryPiLatency.a(CyLib.o)
 .text.CyXTAL_SetFbVoltage
                0x00000000       0x18 .\CortexM3\ARM_GCC_541\Debug\RaspberryPiLatency.a(CyLib.o)
 .text.CyXTAL_SetWdVoltage
                0x00000000       0x18 .\CortexM3\ARM_GCC_541\Debug\RaspberryPiLatency.a(CyLib.o)
 .text.CyHalt   0x00000000        0x4 .\CortexM3\ARM_GCC_541\Debug\RaspberryPiLatency.a(CyLib.o)
 .text.CyPLL_OUT_SetPQ
                0x00000000       0x60 .\CortexM3\ARM_GCC_541\Debug\RaspberryPiLatency.a(CyLib.o)
 .text.CyPLL_OUT_SetSource
                0x00000000       0x34 .\CortexM3\ARM_GCC_541\Debug\RaspberryPiLatency.a(CyLib.o)
 .text.CyIMO_SetTrimValue
                0x00000000       0xcc .\CortexM3\ARM_GCC_541\Debug\RaspberryPiLatency.a(CyLib.o)
 .text.CyIMO_SetFreq
                0x00000000       0xf4 .\CortexM3\ARM_GCC_541\Debug\RaspberryPiLatency.a(CyLib.o)
 .text.CyIMO_SetSource
                0x00000000       0x58 .\CortexM3\ARM_GCC_541\Debug\RaspberryPiLatency.a(CyLib.o)
 .text.CySoftwareReset
                0x00000000       0x10 .\CortexM3\ARM_GCC_541\Debug\RaspberryPiLatency.a(CyLib.o)
 .text.CyDelayUs
                0x00000000       0x14 .\CortexM3\ARM_GCC_541\Debug\RaspberryPiLatency.a(CyLib.o)
 .text.CyXTAL_32KHZ_SetPowerMode
                0x00000000       0x84 .\CortexM3\ARM_GCC_541\Debug\RaspberryPiLatency.a(CyLib.o)
 .text.CyXTAL_32KHZ_Start
                0x00000000       0x74 .\CortexM3\ARM_GCC_541\Debug\RaspberryPiLatency.a(CyLib.o)
 .text.CyDelayFreq
                0x00000000       0x4c .\CortexM3\ARM_GCC_541\Debug\RaspberryPiLatency.a(CyLib.o)
 .text.CyWdtStart
                0x00000000       0x40 .\CortexM3\ARM_GCC_541\Debug\RaspberryPiLatency.a(CyLib.o)
 .text.CyWdtClear
                0x00000000        0xc .\CortexM3\ARM_GCC_541\Debug\RaspberryPiLatency.a(CyLib.o)
 .text.CyVdStickyStatus
                0x00000000       0x2c .\CortexM3\ARM_GCC_541\Debug\RaspberryPiLatency.a(CyLib.o)
 .text.CyVdLvDigitEnable
                0x00000000       0x84 .\CortexM3\ARM_GCC_541\Debug\RaspberryPiLatency.a(CyLib.o)
 .text.CyVdLvAnalogEnable
                0x00000000       0x80 .\CortexM3\ARM_GCC_541\Debug\RaspberryPiLatency.a(CyLib.o)
 .text.CyVdLvDigitDisable
                0x00000000       0x30 .\CortexM3\ARM_GCC_541\Debug\RaspberryPiLatency.a(CyLib.o)
 .text.CyVdLvAnalogDisable
                0x00000000       0x28 .\CortexM3\ARM_GCC_541\Debug\RaspberryPiLatency.a(CyLib.o)
 .text.CyVdHvAnalogEnable
                0x00000000       0x54 .\CortexM3\ARM_GCC_541\Debug\RaspberryPiLatency.a(CyLib.o)
 .text.CyVdHvAnalogDisable
                0x00000000       0x20 .\CortexM3\ARM_GCC_541\Debug\RaspberryPiLatency.a(CyLib.o)
 .text.CyVdRealTimeStatus
                0x00000000       0x1c .\CortexM3\ARM_GCC_541\Debug\RaspberryPiLatency.a(CyLib.o)
 .text.CyDisableInts
                0x00000000       0x1c .\CortexM3\ARM_GCC_541\Debug\RaspberryPiLatency.a(CyLib.o)
 .text.CyEnableInts
                0x00000000       0x18 .\CortexM3\ARM_GCC_541\Debug\RaspberryPiLatency.a(CyLib.o)
 .text.CyFlushCache
                0x00000000       0x44 .\CortexM3\ARM_GCC_541\Debug\RaspberryPiLatency.a(CyLib.o)
 .text.CyIntSetSysVector
                0x00000000       0x28 .\CortexM3\ARM_GCC_541\Debug\RaspberryPiLatency.a(CyLib.o)
 .text.CyIntGetSysVector
                0x00000000       0x20 .\CortexM3\ARM_GCC_541\Debug\RaspberryPiLatency.a(CyLib.o)
 .text.CyIntSetVector
                0x00000000       0x28 .\CortexM3\ARM_GCC_541\Debug\RaspberryPiLatency.a(CyLib.o)
 .text.CyIntGetVector
                0x00000000       0x24 .\CortexM3\ARM_GCC_541\Debug\RaspberryPiLatency.a(CyLib.o)
 .text.CyIntSetPriority
                0x00000000       0x30 .\CortexM3\ARM_GCC_541\Debug\RaspberryPiLatency.a(CyLib.o)
 .text.CyIntGetPriority
                0x00000000       0x20 .\CortexM3\ARM_GCC_541\Debug\RaspberryPiLatency.a(CyLib.o)
 .text.CyIntGetState
                0x00000000       0x24 .\CortexM3\ARM_GCC_541\Debug\RaspberryPiLatency.a(CyLib.o)
 .text.CySysTickStop
                0x00000000       0x10 .\CortexM3\ARM_GCC_541\Debug\RaspberryPiLatency.a(CyLib.o)
 .text.CySysTickEnableInterrupt
                0x00000000       0x10 .\CortexM3\ARM_GCC_541\Debug\RaspberryPiLatency.a(CyLib.o)
 .text.CySysTickEnable
                0x00000000       0x18 .\CortexM3\ARM_GCC_541\Debug\RaspberryPiLatency.a(CyLib.o)
 .text.CySysTickDisableInterrupt
                0x00000000       0x10 .\CortexM3\ARM_GCC_541\Debug\RaspberryPiLatency.a(CyLib.o)
 .text.CySysTickSetReload
                0x00000000       0x10 .\CortexM3\ARM_GCC_541\Debug\RaspberryPiLatency.a(CyLib.o)
 .text.CySysTickGetReload
                0x00000000       0x10 .\CortexM3\ARM_GCC_541\Debug\RaspberryPiLatency.a(CyLib.o)
 .text.CySysTickGetValue
                0x00000000       0x10 .\CortexM3\ARM_GCC_541\Debug\RaspberryPiLatency.a(CyLib.o)
 .text.CySysTickSetClockSource
                0x00000000       0x20 .\CortexM3\ARM_GCC_541\Debug\RaspberryPiLatency.a(CyLib.o)
 .text.CySysTickGetClockSource
                0x00000000       0x10 .\CortexM3\ARM_GCC_541\Debug\RaspberryPiLatency.a(CyLib.o)
 .text.CySysTickGetCountFlag
                0x00000000       0x10 .\CortexM3\ARM_GCC_541\Debug\RaspberryPiLatency.a(CyLib.o)
 .text.CySysTickServiceCallbacks
                0x00000000       0x28 .\CortexM3\ARM_GCC_541\Debug\RaspberryPiLatency.a(CyLib.o)
 .text.CySysTickClear
                0x00000000        0xc .\CortexM3\ARM_GCC_541\Debug\RaspberryPiLatency.a(CyLib.o)
 .text.CySysTickInit
                0x00000000       0x58 .\CortexM3\ARM_GCC_541\Debug\RaspberryPiLatency.a(CyLib.o)
 .text.CySysTickStart
                0x00000000       0x1c .\CortexM3\ARM_GCC_541\Debug\RaspberryPiLatency.a(CyLib.o)
 .text.CySysTickSetCallback
                0x00000000       0x10 .\CortexM3\ARM_GCC_541\Debug\RaspberryPiLatency.a(CyLib.o)
 .text.CySysTickGetCallback
                0x00000000       0x10 .\CortexM3\ARM_GCC_541\Debug\RaspberryPiLatency.a(CyLib.o)
 .text.CyGetUniqueId
                0x00000000       0x70 .\CortexM3\ARM_GCC_541\Debug\RaspberryPiLatency.a(CyLib.o)
 .text          0x00000000        0x0 .\CortexM3\ARM_GCC_541\Debug\RaspberryPiLatency.a(cyPm.o)
 .data          0x00000000        0x0 .\CortexM3\ARM_GCC_541\Debug\RaspberryPiLatency.a(cyPm.o)
 .bss           0x00000000       0x43 .\CortexM3\ARM_GCC_541\Debug\RaspberryPiLatency.a(cyPm.o)
 .text.CyPmHibSlpSaveSet
                0x00000000      0x1dc .\CortexM3\ARM_GCC_541\Debug\RaspberryPiLatency.a(cyPm.o)
 .text.CyPmHibSlpRestore
                0x00000000       0xd8 .\CortexM3\ARM_GCC_541\Debug\RaspberryPiLatency.a(cyPm.o)
 .text.CyPmHviLviSaveDisable
                0x00000000       0xa0 .\CortexM3\ARM_GCC_541\Debug\RaspberryPiLatency.a(cyPm.o)
 .text.CyPmHibSaveSet
                0x00000000       0x98 .\CortexM3\ARM_GCC_541\Debug\RaspberryPiLatency.a(cyPm.o)
 .text.CyPmHviLviRestore
                0x00000000       0x48 .\CortexM3\ARM_GCC_541\Debug\RaspberryPiLatency.a(cyPm.o)
 .text.CyPmHibRestore
                0x00000000       0x60 .\CortexM3\ARM_GCC_541\Debug\RaspberryPiLatency.a(cyPm.o)
 .text.CyPmSaveClocks
                0x00000000      0x218 .\CortexM3\ARM_GCC_541\Debug\RaspberryPiLatency.a(cyPm.o)
 .text.CyPmRestoreClocks
                0x00000000      0x24c .\CortexM3\ARM_GCC_541\Debug\RaspberryPiLatency.a(cyPm.o)
 .text.CyPmAltAct
                0x00000000       0x6c .\CortexM3\ARM_GCC_541\Debug\RaspberryPiLatency.a(cyPm.o)
 .text.CyPmSleep
                0x00000000       0xf4 .\CortexM3\ARM_GCC_541\Debug\RaspberryPiLatency.a(cyPm.o)
 .text.CyPmHibernateEx
                0x00000000       0xf4 .\CortexM3\ARM_GCC_541\Debug\RaspberryPiLatency.a(cyPm.o)
 .text.CyPmHibernate
                0x00000000        0xc .\CortexM3\ARM_GCC_541\Debug\RaspberryPiLatency.a(cyPm.o)
 .text.CyPmReadStatus
                0x00000000       0x30 .\CortexM3\ARM_GCC_541\Debug\RaspberryPiLatency.a(cyPm.o)
 .text.CyPmCtwSetInterval
                0x00000000       0x5c .\CortexM3\ARM_GCC_541\Debug\RaspberryPiLatency.a(cyPm.o)
 .text.CyPmOppsSet
                0x00000000       0x2c .\CortexM3\ARM_GCC_541\Debug\RaspberryPiLatency.a(cyPm.o)
 .text.CyPmFtwSetInterval
                0x00000000       0x5c .\CortexM3\ARM_GCC_541\Debug\RaspberryPiLatency.a(cyPm.o)
 .rodata        0x00000000        0xf .\CortexM3\ARM_GCC_541\Debug\RaspberryPiLatency.a(cyPm.o)
 .text          0x00000000        0x0 .\CortexM3\ARM_GCC_541\Debug\RaspberryPiLatency.a(Pin_Output.o)
 .data          0x00000000        0x0 .\CortexM3\ARM_GCC_541\Debug\RaspberryPiLatency.a(Pin_Output.o)
 .bss           0x00000000        0x0 .\CortexM3\ARM_GCC_541\Debug\RaspberryPiLatency.a(Pin_Output.o)
 .text.Pin_Output_SetDriveMode
                0x00000000       0x18 .\CortexM3\ARM_GCC_541\Debug\RaspberryPiLatency.a(Pin_Output.o)
 .text.Pin_Output_Read
                0x00000000        0xc .\CortexM3\ARM_GCC_541\Debug\RaspberryPiLatency.a(Pin_Output.o)
 .text.Pin_Output_ReadDataReg
                0x00000000        0xc .\CortexM3\ARM_GCC_541\Debug\RaspberryPiLatency.a(Pin_Output.o)
 .text          0x00000000        0x0 .\CortexM3\ARM_GCC_541\Debug\RaspberryPiLatency.a(Pin_Input.o)
 .data          0x00000000        0x0 .\CortexM3\ARM_GCC_541\Debug\RaspberryPiLatency.a(Pin_Input.o)
 .bss           0x00000000        0x0 .\CortexM3\ARM_GCC_541\Debug\RaspberryPiLatency.a(Pin_Input.o)
 .text.Pin_Input_Write
                0x00000000       0x18 .\CortexM3\ARM_GCC_541\Debug\RaspberryPiLatency.a(Pin_Input.o)
 .text.Pin_Input_SetDriveMode
                0x00000000       0x18 .\CortexM3\ARM_GCC_541\Debug\RaspberryPiLatency.a(Pin_Input.o)
 .text.Pin_Input_Read
                0x00000000       0x10 .\CortexM3\ARM_GCC_541\Debug\RaspberryPiLatency.a(Pin_Input.o)
 .text.Pin_Input_ReadDataReg
                0x00000000       0x10 .\CortexM3\ARM_GCC_541\Debug\RaspberryPiLatency.a(Pin_Input.o)
 .text.Pin_Input_SetInterruptMode
                0x00000000       0x14 .\CortexM3\ARM_GCC_541\Debug\RaspberryPiLatency.a(Pin_Input.o)
 .text          0x00000000        0x0 .\CortexM3\ARM_GCC_541\Debug\RaspberryPiLatency.a(UART.o)
 .data          0x00000000        0x0 .\CortexM3\ARM_GCC_541\Debug\RaspberryPiLatency.a(UART.o)
 .text.UART_Stop
                0x00000000       0x3c .\CortexM3\ARM_GCC_541\Debug\RaspberryPiLatency.a(UART.o)
 .text.UART_ReadControlRegister
                0x00000000        0x4 .\CortexM3\ARM_GCC_541\Debug\RaspberryPiLatency.a(UART.o)
 .text.UART_WriteControlRegister
                0x00000000        0x4 .\CortexM3\ARM_GCC_541\Debug\RaspberryPiLatency.a(UART.o)
 .text.UART_SetRxInterruptMode
                0x00000000        0xc .\CortexM3\ARM_GCC_541\Debug\RaspberryPiLatency.a(UART.o)
 .text.UART_ReadRxData
                0x00000000        0xc .\CortexM3\ARM_GCC_541\Debug\RaspberryPiLatency.a(UART.o)
 .text.UART_ReadRxStatus
                0x00000000       0x10 .\CortexM3\ARM_GCC_541\Debug\RaspberryPiLatency.a(UART.o)
 .text.UART_GetChar
                0x00000000       0x2c .\CortexM3\ARM_GCC_541\Debug\RaspberryPiLatency.a(UART.o)
 .text.UART_GetByte
                0x00000000       0x14 .\CortexM3\ARM_GCC_541\Debug\RaspberryPiLatency.a(UART.o)
 .text.UART_GetRxBufferSize
                0x00000000       0x18 .\CortexM3\ARM_GCC_541\Debug\RaspberryPiLatency.a(UART.o)
 .text.UART_ClearRxBuffer
                0x00000000       0x24 .\CortexM3\ARM_GCC_541\Debug\RaspberryPiLatency.a(UART.o)
 .text.UART_SetRxAddressMode
                0x00000000        0x4 .\CortexM3\ARM_GCC_541\Debug\RaspberryPiLatency.a(UART.o)
 .text.UART_SetRxAddress1
                0x00000000        0xc .\CortexM3\ARM_GCC_541\Debug\RaspberryPiLatency.a(UART.o)
 .text.UART_SetRxAddress2
                0x00000000        0xc .\CortexM3\ARM_GCC_541\Debug\RaspberryPiLatency.a(UART.o)
 .text.UART_SetTxInterruptMode
                0x00000000        0xc .\CortexM3\ARM_GCC_541\Debug\RaspberryPiLatency.a(UART.o)
 .text.UART_WriteTxData
                0x00000000       0x14 .\CortexM3\ARM_GCC_541\Debug\RaspberryPiLatency.a(UART.o)
 .text.UART_ReadTxStatus
                0x00000000        0xc .\CortexM3\ARM_GCC_541\Debug\RaspberryPiLatency.a(UART.o)
 .text.UART_PutArray
                0x00000000       0x28 .\CortexM3\ARM_GCC_541\Debug\RaspberryPiLatency.a(UART.o)
 .text.UART_PutCRLF
                0x00000000       0x20 .\CortexM3\ARM_GCC_541\Debug\RaspberryPiLatency.a(UART.o)
 .text.UART_GetTxBufferSize
                0x00000000       0x24 .\CortexM3\ARM_GCC_541\Debug\RaspberryPiLatency.a(UART.o)
 .text.UART_ClearTxBuffer
                0x00000000       0x24 .\CortexM3\ARM_GCC_541\Debug\RaspberryPiLatency.a(UART.o)
 .text.UART_SendBreak
                0x00000000       0x58 .\CortexM3\ARM_GCC_541\Debug\RaspberryPiLatency.a(UART.o)
 .text.UART_SetTxAddressMode
                0x00000000        0x4 .\CortexM3\ARM_GCC_541\Debug\RaspberryPiLatency.a(UART.o)
 .text          0x00000000        0x0 .\CortexM3\ARM_GCC_541\Debug\RaspberryPiLatency.a(UART_IntClock.o)
 .data          0x00000000        0x0 .\CortexM3\ARM_GCC_541\Debug\RaspberryPiLatency.a(UART_IntClock.o)
 .bss           0x00000000        0x0 .\CortexM3\ARM_GCC_541\Debug\RaspberryPiLatency.a(UART_IntClock.o)
 .text.UART_IntClock_Stop
                0x00000000       0x1c .\CortexM3\ARM_GCC_541\Debug\RaspberryPiLatency.a(UART_IntClock.o)
 .text.UART_IntClock_StopBlock
                0x00000000       0x6c .\CortexM3\ARM_GCC_541\Debug\RaspberryPiLatency.a(UART_IntClock.o)
 .text.UART_IntClock_StandbyPower
                0x00000000       0x20 .\CortexM3\ARM_GCC_541\Debug\RaspberryPiLatency.a(UART_IntClock.o)
 .text.UART_IntClock_GetDividerRegister
                0x00000000        0xc .\CortexM3\ARM_GCC_541\Debug\RaspberryPiLatency.a(UART_IntClock.o)
 .text.UART_IntClock_SetModeRegister
                0x00000000       0x14 .\CortexM3\ARM_GCC_541\Debug\RaspberryPiLatency.a(UART_IntClock.o)
 .text.UART_IntClock_ClearModeRegister
                0x00000000       0x18 .\CortexM3\ARM_GCC_541\Debug\RaspberryPiLatency.a(UART_IntClock.o)
 .text.UART_IntClock_GetModeRegister
                0x00000000       0x10 .\CortexM3\ARM_GCC_541\Debug\RaspberryPiLatency.a(UART_IntClock.o)
 .text.UART_IntClock_GetSourceRegister
                0x00000000       0x10 .\CortexM3\ARM_GCC_541\Debug\RaspberryPiLatency.a(UART_IntClock.o)
 .text.UART_IntClock_SetDividerRegister
                0x00000000       0xd8 .\CortexM3\ARM_GCC_541\Debug\RaspberryPiLatency.a(UART_IntClock.o)
 .text.UART_IntClock_SetSourceRegister
                0x00000000       0x5c .\CortexM3\ARM_GCC_541\Debug\RaspberryPiLatency.a(UART_IntClock.o)
 .text          0x00000000        0x0 .\CortexM3\ARM_GCC_541\Debug\RaspberryPiLatency.a(ISR_Timer.o)
 .data          0x00000000        0x0 .\CortexM3\ARM_GCC_541\Debug\RaspberryPiLatency.a(ISR_Timer.o)
 .bss           0x00000000        0x0 .\CortexM3\ARM_GCC_541\Debug\RaspberryPiLatency.a(ISR_Timer.o)
 .text.ISR_Timer_Interrupt
                0x00000000        0x4 .\CortexM3\ARM_GCC_541\Debug\RaspberryPiLatency.a(ISR_Timer.o)
 .text.ISR_Timer_GetVector
                0x00000000        0xc .\CortexM3\ARM_GCC_541\Debug\RaspberryPiLatency.a(ISR_Timer.o)
 .text.ISR_Timer_GetPriority
                0x00000000        0xc .\CortexM3\ARM_GCC_541\Debug\RaspberryPiLatency.a(ISR_Timer.o)
 .text.ISR_Timer_GetState
                0x00000000       0x10 .\CortexM3\ARM_GCC_541\Debug\RaspberryPiLatency.a(ISR_Timer.o)
 .text.ISR_Timer_Start
                0x00000000       0x1c .\CortexM3\ARM_GCC_541\Debug\RaspberryPiLatency.a(ISR_Timer.o)
 .text.ISR_Timer_Stop
                0x00000000       0x14 .\CortexM3\ARM_GCC_541\Debug\RaspberryPiLatency.a(ISR_Timer.o)
 .text.ISR_Timer_SetPending
                0x00000000        0xc .\CortexM3\ARM_GCC_541\Debug\RaspberryPiLatency.a(ISR_Timer.o)
 .text.ISR_Timer_ClearPending
                0x00000000        0xc .\CortexM3\ARM_GCC_541\Debug\RaspberryPiLatency.a(ISR_Timer.o)
 .text          0x00000000        0x0 .\CortexM3\ARM_GCC_541\Debug\RaspberryPiLatency.a(Timer.o)
 .data          0x00000000        0x0 .\CortexM3\ARM_GCC_541\Debug\RaspberryPiLatency.a(Timer.o)
 .text.Timer_SoftwareCapture
                0x00000000        0xc .\CortexM3\ARM_GCC_541\Debug\RaspberryPiLatency.a(Timer.o)
 .text.Timer_ReadStatusRegister
                0x00000000        0xc .\CortexM3\ARM_GCC_541\Debug\RaspberryPiLatency.a(Timer.o)
 .text.Timer_ReadControlRegister
                0x00000000        0xc .\CortexM3\ARM_GCC_541\Debug\RaspberryPiLatency.a(Timer.o)
 .text.Timer_WriteControlRegister
                0x00000000        0xc .\CortexM3\ARM_GCC_541\Debug\RaspberryPiLatency.a(Timer.o)
 .text.Timer_ReadPeriod
                0x00000000        0xc .\CortexM3\ARM_GCC_541\Debug\RaspberryPiLatency.a(Timer.o)
 .text.Timer_ReadCapture
                0x00000000        0xc .\CortexM3\ARM_GCC_541\Debug\RaspberryPiLatency.a(Timer.o)
 .text.Timer_ReadCounter
                0x00000000       0x14 .\CortexM3\ARM_GCC_541\Debug\RaspberryPiLatency.a(Timer.o)
 .text          0x00000000        0x0 .\CortexM3\ARM_GCC_541\Debug\RaspberryPiLatency.a(ISR_Input.o)
 .data          0x00000000        0x0 .\CortexM3\ARM_GCC_541\Debug\RaspberryPiLatency.a(ISR_Input.o)
 .bss           0x00000000        0x0 .\CortexM3\ARM_GCC_541\Debug\RaspberryPiLatency.a(ISR_Input.o)
 .text.ISR_Input_Interrupt
                0x00000000        0x4 .\CortexM3\ARM_GCC_541\Debug\RaspberryPiLatency.a(ISR_Input.o)
 .text.ISR_Input_GetVector
                0x00000000        0xc .\CortexM3\ARM_GCC_541\Debug\RaspberryPiLatency.a(ISR_Input.o)
 .text.ISR_Input_GetPriority
                0x00000000        0xc .\CortexM3\ARM_GCC_541\Debug\RaspberryPiLatency.a(ISR_Input.o)
 .text.ISR_Input_GetState
                0x00000000       0x18 .\CortexM3\ARM_GCC_541\Debug\RaspberryPiLatency.a(ISR_Input.o)
 .text.ISR_Input_Start
                0x00000000       0x1c .\CortexM3\ARM_GCC_541\Debug\RaspberryPiLatency.a(ISR_Input.o)
 .text.ISR_Input_Stop
                0x00000000       0x14 .\CortexM3\ARM_GCC_541\Debug\RaspberryPiLatency.a(ISR_Input.o)
 .text.ISR_Input_SetPending
                0x00000000        0xc .\CortexM3\ARM_GCC_541\Debug\RaspberryPiLatency.a(ISR_Input.o)
 .text.ISR_Input_ClearPending
                0x00000000        0xc .\CortexM3\ARM_GCC_541\Debug\RaspberryPiLatency.a(ISR_Input.o)
 .data          0x00000000        0x0 .\CortexM3\ARM_GCC_541\Debug\RaspberryPiLatency.a(CyBootAsmGnu.o)
 .bss           0x00000000        0x0 .\CortexM3\ARM_GCC_541\Debug\RaspberryPiLatency.a(CyBootAsmGnu.o)
 .text          0x00000000        0x0 .\CortexM3\ARM_GCC_541\Debug\RaspberryPiLatency.a(CyFlash.o)
 .data          0x00000000        0x0 .\CortexM3\ARM_GCC_541\Debug\RaspberryPiLatency.a(CyFlash.o)
 .bss           0x00000000        0x0 .\CortexM3\ARM_GCC_541\Debug\RaspberryPiLatency.a(CyFlash.o)
 .text.CySetTempInt
                0x00000000       0x60 .\CortexM3\ARM_GCC_541\Debug\RaspberryPiLatency.a(CyFlash.o)
 .text.CyFlash_Start
                0x00000000       0x54 .\CortexM3\ARM_GCC_541\Debug\RaspberryPiLatency.a(CyFlash.o)
 .text.CyFlash_Stop
                0x00000000       0x24 .\CortexM3\ARM_GCC_541\Debug\RaspberryPiLatency.a(CyFlash.o)
 .text.CyFlash_EraseRow
                0x00000000       0x78 .\CortexM3\ARM_GCC_541\Debug\RaspberryPiLatency.a(CyFlash.o)
 .text.CyFlashGetSpcAlgorithm
                0x00000000       0x4c .\CortexM3\ARM_GCC_541\Debug\RaspberryPiLatency.a(CyFlash.o)
 .text.CySetTemp
                0x00000000       0x14 .\CortexM3\ARM_GCC_541\Debug\RaspberryPiLatency.a(CyFlash.o)
 .text.CySetFlashEEBuffer
                0x00000000       0x20 .\CortexM3\ARM_GCC_541\Debug\RaspberryPiLatency.a(CyFlash.o)
 .text.CyWriteRowFull
                0x00000000       0xf8 .\CortexM3\ARM_GCC_541\Debug\RaspberryPiLatency.a(CyFlash.o)
 .text.CyWriteRowData
                0x00000000       0x14 .\CortexM3\ARM_GCC_541\Debug\RaspberryPiLatency.a(CyFlash.o)
 .text.CyFlash_SetWaitCycles
                0x00000000       0x7c .\CortexM3\ARM_GCC_541\Debug\RaspberryPiLatency.a(CyFlash.o)
 .text.CyEEPROM_Start
                0x00000000       0x54 .\CortexM3\ARM_GCC_541\Debug\RaspberryPiLatency.a(CyFlash.o)
 .text.CyEEPROM_Stop
                0x00000000       0x24 .\CortexM3\ARM_GCC_541\Debug\RaspberryPiLatency.a(CyFlash.o)
 .text.CyEEPROM_ReadReserve
                0x00000000       0x1c .\CortexM3\ARM_GCC_541\Debug\RaspberryPiLatency.a(CyFlash.o)
 .text.CyEEPROM_ReadRelease
                0x00000000       0x10 .\CortexM3\ARM_GCC_541\Debug\RaspberryPiLatency.a(CyFlash.o)
 COMMON         0x00000000        0x2 .\CortexM3\ARM_GCC_541\Debug\RaspberryPiLatency.a(CyFlash.o)
 .text          0x00000000        0x0 .\CortexM3\ARM_GCC_541\Debug\RaspberryPiLatency.a(CySpc.o)
 .data          0x00000000        0x0 .\CortexM3\ARM_GCC_541\Debug\RaspberryPiLatency.a(CySpc.o)
 .bss           0x00000000        0x8 .\CortexM3\ARM_GCC_541\Debug\RaspberryPiLatency.a(CySpc.o)
 .text.CySpcStart
                0x00000000       0x24 .\CortexM3\ARM_GCC_541\Debug\RaspberryPiLatency.a(CySpc.o)
 .text.CySpcStop
                0x00000000       0x24 .\CortexM3\ARM_GCC_541\Debug\RaspberryPiLatency.a(CySpc.o)
 .text.CySpcReadData
                0x00000000       0x34 .\CortexM3\ARM_GCC_541\Debug\RaspberryPiLatency.a(CySpc.o)
 .text.CySpcLoadMultiByte
                0x00000000       0x78 .\CortexM3\ARM_GCC_541\Debug\RaspberryPiLatency.a(CySpc.o)
 .text.CySpcLoadRow
                0x00000000       0x50 .\CortexM3\ARM_GCC_541\Debug\RaspberryPiLatency.a(CySpc.o)
 .text.CySpcLoadRowFull
                0x00000000       0x80 .\CortexM3\ARM_GCC_541\Debug\RaspberryPiLatency.a(CySpc.o)
 .text.CySpcWriteRow
                0x00000000       0x4c .\CortexM3\ARM_GCC_541\Debug\RaspberryPiLatency.a(CySpc.o)
 .text.CySpcEraseSector
                0x00000000       0x3c .\CortexM3\ARM_GCC_541\Debug\RaspberryPiLatency.a(CySpc.o)
 .text.CySpcEraseRow
                0x00000000       0x4c .\CortexM3\ARM_GCC_541\Debug\RaspberryPiLatency.a(CySpc.o)
 .text.CySpcGetTemp
                0x00000000       0x3c .\CortexM3\ARM_GCC_541\Debug\RaspberryPiLatency.a(CySpc.o)
 .text.CySpcLock
                0x00000000       0x4c .\CortexM3\ARM_GCC_541\Debug\RaspberryPiLatency.a(CySpc.o)
 .text.CySpcUnlock
                0x00000000       0x38 .\CortexM3\ARM_GCC_541\Debug\RaspberryPiLatency.a(CySpc.o)
 .text.CySpcGetAlgorithm
                0x00000000       0x28 .\CortexM3\ARM_GCC_541\Debug\RaspberryPiLatency.a(CySpc.o)
 .text          0x00000000        0x0 c:/program files (x86)/cypress/psoc creator/4.2/psoc creator/import/gnu/arm/5.4.1/bin/../lib/gcc/arm-none-eabi/5.4.1/../../../../arm-none-eabi/lib/armv7-m\libg_nano.a(lib_a-errno.o)
 .data          0x00000000        0x0 c:/program files (x86)/cypress/psoc creator/4.2/psoc creator/import/gnu/arm/5.4.1/bin/../lib/gcc/arm-none-eabi/5.4.1/../../../../arm-none-eabi/lib/armv7-m\libg_nano.a(lib_a-errno.o)
 .bss           0x00000000        0x0 c:/program files (x86)/cypress/psoc creator/4.2/psoc creator/import/gnu/arm/5.4.1/bin/../lib/gcc/arm-none-eabi/5.4.1/../../../../arm-none-eabi/lib/armv7-m\libg_nano.a(lib_a-errno.o)
 .text          0x00000000        0x0 c:/program files (x86)/cypress/psoc creator/4.2/psoc creator/import/gnu/arm/5.4.1/bin/../lib/gcc/arm-none-eabi/5.4.1/../../../../arm-none-eabi/lib/armv7-m\libg_nano.a(lib_a-exit.o)
 .data          0x00000000        0x0 c:/program files (x86)/cypress/psoc creator/4.2/psoc creator/import/gnu/arm/5.4.1/bin/../lib/gcc/arm-none-eabi/5.4.1/../../../../arm-none-eabi/lib/armv7-m\libg_nano.a(lib_a-exit.o)
 .bss           0x00000000        0x0 c:/program files (x86)/cypress/psoc creator/4.2/psoc creator/import/gnu/arm/5.4.1/bin/../lib/gcc/arm-none-eabi/5.4.1/../../../../arm-none-eabi/lib/armv7-m\libg_nano.a(lib_a-exit.o)
 .text.exit     0x00000000       0x28 c:/program files (x86)/cypress/psoc creator/4.2/psoc creator/import/gnu/arm/5.4.1/bin/../lib/gcc/arm-none-eabi/5.4.1/../../../../arm-none-eabi/lib/armv7-m\libg_nano.a(lib_a-exit.o)
 .text          0x00000000        0x0 c:/program files (x86)/cypress/psoc creator/4.2/psoc creator/import/gnu/arm/5.4.1/bin/../lib/gcc/arm-none-eabi/5.4.1/../../../../arm-none-eabi/lib/armv7-m\libg_nano.a(lib_a-impure.o)
 .data          0x00000000        0x0 c:/program files (x86)/cypress/psoc creator/4.2/psoc creator/import/gnu/arm/5.4.1/bin/../lib/gcc/arm-none-eabi/5.4.1/../../../../arm-none-eabi/lib/armv7-m\libg_nano.a(lib_a-impure.o)
 .bss           0x00000000        0x0 c:/program files (x86)/cypress/psoc creator/4.2/psoc creator/import/gnu/arm/5.4.1/bin/../lib/gcc/arm-none-eabi/5.4.1/../../../../arm-none-eabi/lib/armv7-m\libg_nano.a(lib_a-impure.o)
 .rodata._global_impure_ptr
                0x00000000        0x4 c:/program files (x86)/cypress/psoc creator/4.2/psoc creator/import/gnu/arm/5.4.1/bin/../lib/gcc/arm-none-eabi/5.4.1/../../../../arm-none-eabi/lib/armv7-m\libg_nano.a(lib_a-impure.o)
 .text          0x00000000        0x0 c:/program files (x86)/cypress/psoc creator/4.2/psoc creator/import/gnu/arm/5.4.1/bin/../lib/gcc/arm-none-eabi/5.4.1/../../../../arm-none-eabi/lib/armv7-m\libg_nano.a(lib_a-init.o)
 .data          0x00000000        0x0 c:/program files (x86)/cypress/psoc creator/4.2/psoc creator/import/gnu/arm/5.4.1/bin/../lib/gcc/arm-none-eabi/5.4.1/../../../../arm-none-eabi/lib/armv7-m\libg_nano.a(lib_a-init.o)
 .bss           0x00000000        0x0 c:/program files (x86)/cypress/psoc creator/4.2/psoc creator/import/gnu/arm/5.4.1/bin/../lib/gcc/arm-none-eabi/5.4.1/../../../../arm-none-eabi/lib/armv7-m\libg_nano.a(lib_a-init.o)
 .text          0x00000000        0x0 c:/program files (x86)/cypress/psoc creator/4.2/psoc creator/import/gnu/arm/5.4.1/bin/../lib/gcc/arm-none-eabi/5.4.1/../../../../arm-none-eabi/lib/armv7-m\libg_nano.a(lib_a-itoa.o)
 .data          0x00000000        0x0 c:/program files (x86)/cypress/psoc creator/4.2/psoc creator/import/gnu/arm/5.4.1/bin/../lib/gcc/arm-none-eabi/5.4.1/../../../../arm-none-eabi/lib/armv7-m\libg_nano.a(lib_a-itoa.o)
 .bss           0x00000000        0x0 c:/program files (x86)/cypress/psoc creator/4.2/psoc creator/import/gnu/arm/5.4.1/bin/../lib/gcc/arm-none-eabi/5.4.1/../../../../arm-none-eabi/lib/armv7-m\libg_nano.a(lib_a-itoa.o)
 .text          0x00000000        0x0 c:/program files (x86)/cypress/psoc creator/4.2/psoc creator/import/gnu/arm/5.4.1/bin/../lib/gcc/arm-none-eabi/5.4.1/../../../../arm-none-eabi/lib/armv7-m\libg_nano.a(lib_a-memcpy-stub.o)
 .data          0x00000000        0x0 c:/program files (x86)/cypress/psoc creator/4.2/psoc creator/import/gnu/arm/5.4.1/bin/../lib/gcc/arm-none-eabi/5.4.1/../../../../arm-none-eabi/lib/armv7-m\libg_nano.a(lib_a-memcpy-stub.o)
 .bss           0x00000000        0x0 c:/program files (x86)/cypress/psoc creator/4.2/psoc creator/import/gnu/arm/5.4.1/bin/../lib/gcc/arm-none-eabi/5.4.1/../../../../arm-none-eabi/lib/armv7-m\libg_nano.a(lib_a-memcpy-stub.o)
 .text          0x00000000        0x0 c:/program files (x86)/cypress/psoc creator/4.2/psoc creator/import/gnu/arm/5.4.1/bin/../lib/gcc/arm-none-eabi/5.4.1/../../../../arm-none-eabi/lib/armv7-m\libg_nano.a(lib_a-memset.o)
 .data          0x00000000        0x0 c:/program files (x86)/cypress/psoc creator/4.2/psoc creator/import/gnu/arm/5.4.1/bin/../lib/gcc/arm-none-eabi/5.4.1/../../../../arm-none-eabi/lib/armv7-m\libg_nano.a(lib_a-memset.o)
 .bss           0x00000000        0x0 c:/program files (x86)/cypress/psoc creator/4.2/psoc creator/import/gnu/arm/5.4.1/bin/../lib/gcc/arm-none-eabi/5.4.1/../../../../arm-none-eabi/lib/armv7-m\libg_nano.a(lib_a-memset.o)
 .text          0x00000000        0x0 c:/program files (x86)/cypress/psoc creator/4.2/psoc creator/import/gnu/arm/5.4.1/bin/../lib/gcc/arm-none-eabi/5.4.1/../../../../arm-none-eabi/lib/armv7-m\libg_nano.a(lib_a-utoa.o)
 .data          0x00000000        0x0 c:/program files (x86)/cypress/psoc creator/4.2/psoc creator/import/gnu/arm/5.4.1/bin/../lib/gcc/arm-none-eabi/5.4.1/../../../../arm-none-eabi/lib/armv7-m\libg_nano.a(lib_a-utoa.o)
 .bss           0x00000000        0x0 c:/program files (x86)/cypress/psoc creator/4.2/psoc creator/import/gnu/arm/5.4.1/bin/../lib/gcc/arm-none-eabi/5.4.1/../../../../arm-none-eabi/lib/armv7-m\libg_nano.a(lib_a-utoa.o)
 .text.utoa     0x00000000        0x4 c:/program files (x86)/cypress/psoc creator/4.2/psoc creator/import/gnu/arm/5.4.1/bin/../lib/gcc/arm-none-eabi/5.4.1/../../../../arm-none-eabi/lib/armv7-m\libg_nano.a(lib_a-utoa.o)
 .text          0x00000000        0x0 c:/program files (x86)/cypress/psoc creator/4.2/psoc creator/import/gnu/arm/5.4.1/bin/../lib/gcc/arm-none-eabi/5.4.1/armv7-m/crtend.o
 .data          0x00000000        0x0 c:/program files (x86)/cypress/psoc creator/4.2/psoc creator/import/gnu/arm/5.4.1/bin/../lib/gcc/arm-none-eabi/5.4.1/armv7-m/crtend.o
 .bss           0x00000000        0x0 c:/program files (x86)/cypress/psoc creator/4.2/psoc creator/import/gnu/arm/5.4.1/bin/../lib/gcc/arm-none-eabi/5.4.1/armv7-m/crtend.o
 .text          0x00000000        0x0 c:/program files (x86)/cypress/psoc creator/4.2/psoc creator/import/gnu/arm/5.4.1/bin/../lib/gcc/arm-none-eabi/5.4.1/armv7-m/crtn.o
 .data          0x00000000        0x0 c:/program files (x86)/cypress/psoc creator/4.2/psoc creator/import/gnu/arm/5.4.1/bin/../lib/gcc/arm-none-eabi/5.4.1/armv7-m/crtn.o
 .bss           0x00000000        0x0 c:/program files (x86)/cypress/psoc creator/4.2/psoc creator/import/gnu/arm/5.4.1/bin/../lib/gcc/arm-none-eabi/5.4.1/armv7-m/crtn.o

Memory Configuration

Name             Origin             Length             Attributes
rom              0x00000000         0x00040000         xr
ram              0x1fff8000         0x00010000         xrw
*default*        0x00000000         0xffffffff

Linker script and memory map

LOAD c:/program files (x86)/cypress/psoc creator/4.2/psoc creator/import/gnu/arm/5.4.1/bin/../lib/gcc/arm-none-eabi/5.4.1/armv7-m/crti.o
LOAD c:/program files (x86)/cypress/psoc creator/4.2/psoc creator/import/gnu/arm/5.4.1/bin/../lib/gcc/arm-none-eabi/5.4.1/armv7-m/crtbegin.o
LOAD c:/program files (x86)/cypress/psoc creator/4.2/psoc creator/import/gnu/arm/5.4.1/bin/../lib/gcc/arm-none-eabi/5.4.1/../../../../arm-none-eabi/lib/armv7-m/crt0.o
START GROUP
LOAD .\CortexM3\ARM_GCC_541\Debug\main.o
LOAD .\CortexM3\ARM_GCC_541\Debug\cyfitter_cfg.o
LOAD .\CortexM3\ARM_GCC_541\Debug\cymetadata.o
LOAD .\CortexM3\ARM_GCC_541\Debug\Cm3Start.o
LOAD .\CortexM3\ARM_GCC_541\Debug\RaspberryPiLatency.a
LOAD C:\Program Files (x86)\Cypress\PSoC Creator\4.2\PSoC Creator\psoc\content\cycomponentlibrary\CyComponentLibrary.cylib\CortexM3\ARM_GCC_541\Debug\CyComponentLibrary.a
END GROUP
START GROUP
LOAD c:/program files (x86)/cypress/psoc creator/4.2/psoc creator/import/gnu/arm/5.4.1/bin/../lib/gcc/arm-none-eabi/5.4.1/armv7-m\libgcc.a
LOAD c:/program files (x86)/cypress/psoc creator/4.2/psoc creator/import/gnu/arm/5.4.1/bin/../lib/gcc/arm-none-eabi/5.4.1/../../../../arm-none-eabi/lib/armv7-m\libg_nano.a
LOAD c:/program files (x86)/cypress/psoc creator/4.2/psoc creator/import/gnu/arm/5.4.1/bin/../lib/gcc/arm-none-eabi/5.4.1/../../../../arm-none-eabi/lib/armv7-m\libc_nano.a
END GROUP
START GROUP
LOAD c:/program files (x86)/cypress/psoc creator/4.2/psoc creator/import/gnu/arm/5.4.1/bin/../lib/gcc/arm-none-eabi/5.4.1/armv7-m\libgcc.a
LOAD c:/program files (x86)/cypress/psoc creator/4.2/psoc creator/import/gnu/arm/5.4.1/bin/../lib/gcc/arm-none-eabi/5.4.1/../../../../arm-none-eabi/lib/armv7-m\libc_nano.a
END GROUP
LOAD c:/program files (x86)/cypress/psoc creator/4.2/psoc creator/import/gnu/arm/5.4.1/bin/../lib/gcc/arm-none-eabi/5.4.1/armv7-m/crtend.o
LOAD c:/program files (x86)/cypress/psoc creator/4.2/psoc creator/import/gnu/arm/5.4.1/bin/../lib/gcc/arm-none-eabi/5.4.1/armv7-m/crtn.o
START GROUP
LOAD c:/program files (x86)/cypress/psoc creator/4.2/psoc creator/import/gnu/arm/5.4.1/bin/../lib/gcc/arm-none-eabi/5.4.1/armv7-m\libgcc.a
LOAD c:/program files (x86)/cypress/psoc creator/4.2/psoc creator/import/gnu/arm/5.4.1/bin/../lib/gcc/arm-none-eabi/5.4.1/../../../../arm-none-eabi/lib/armv7-m\libc.a
LOAD c:/program files (x86)/cypress/psoc creator/4.2/psoc creator/import/gnu/arm/5.4.1/bin/../lib/gcc/arm-none-eabi/5.4.1/../../../../arm-none-eabi/lib/armv7-m\libnosys.a
END GROUP
                0x00000000                CY_APPL_ORIGIN = 0x0
                0x00000100                CY_FLASH_ROW_SIZE = 0x100
                0x00000020                CY_ECC_ROW_SIZE = 0x20
                0x00000000                CY_EE_IN_BTLDR = 0x0
                0x00000000                CY_APPL_LOADABLE = 0x0
                0x00000800                CY_EE_SIZE = 0x800
                0x00000001                CY_APPL_NUM = 0x1
                0x00000001                CY_APPL_MAX = 0x1
                0x00000040                CY_METADATA_SIZE = 0x40
                0x00000000                CY_APPL_LOADABLE = 0x0
                0x00000000                CY_CHECKSUM_EXCLUDE_SIZE = ALIGN (0x0, CY_FLASH_ROW_SIZE)
                [!provide]                PROVIDE (__cy_heap_start, _end)
                0x00000001                PROVIDE (__cy_region_num, ((__cy_regions_end - __cy_regions) / 0x10))
                0x20008000                PROVIDE (__cy_stack, (ORIGIN (ram) + LENGTH (ram)))
                [!provide]                PROVIDE (__cy_heap_end, (__cy_stack - 0x800))

.cybootloader   0x00000000        0x0
 *(.cybootloader)
                0x00000000                appl1_start = CY_APPL_ORIGIN?CY_APPL_ORIGIN:ALIGN (CY_FLASH_ROW_SIZE)
                0x0001ff00                appl2_start = (appl1_start + ALIGN ((((LENGTH (rom) - appl1_start) - (0x2 * CY_FLASH_ROW_SIZE)) / 0x2), CY_FLASH_ROW_SIZE))
                0x00000000                appl_start = (CY_APPL_NUM == 0x1)?appl1_start:appl2_start
                0x00000000                ecc_offset = ((appl_start / CY_FLASH_ROW_SIZE) * CY_ECC_ROW_SIZE)
                0x00000000                ee_offset = (CY_APPL_LOADABLE && ! (CY_EE_IN_BTLDR))?((CY_EE_SIZE / CY_APPL_MAX) * (CY_APPL_NUM - 0x1)):0x0
                0x00000800                ee_size = (CY_APPL_LOADABLE && ! (CY_EE_IN_BTLDR))?(CY_EE_SIZE / CY_APPL_MAX):CY_EE_SIZE
                [!provide]                PROVIDE (CY_ECC_OFFSET, ecc_offset)

.text           0x00000000      0x860
 CREATE_OBJECT_SYMBOLS
                0x00000000                PROVIDE (__cy_interrupt_vector, RomVectors)
 *(.romvectors)
 .romvectors    0x00000000       0x10 .\CortexM3\ARM_GCC_541\Debug\Cm3Start.o
                0x00000000                RomVectors
                0x00000001                ASSERT ((. != __cy_interrupt_vector), No interrupt vector)
                0x00000001                ASSERT (CY_APPL_ORIGIN?(SIZEOF (.cybootloader) <= CY_APPL_ORIGIN):0x1, Wrong image location)
                0x00000010                PROVIDE (__cy_reset, Reset)
 *(.text.Reset)
 .text.Reset    0x00000010       0x18 .\CortexM3\ARM_GCC_541\Debug\Cm3Start.o
                0x00000010                Reset
                0x00000001                ASSERT ((. != __cy_reset), No reset code)
 *(.dma_init)
                0x00000001                ASSERT ((((appl_start + .) <= 0x10000) || 0x1), DMA Init must be within the first 64k of flash)
 *(.text .text.* .gnu.linkonce.t.*)
 .text          0x00000028       0x5c c:/program files (x86)/cypress/psoc creator/4.2/psoc creator/import/gnu/arm/5.4.1/bin/../lib/gcc/arm-none-eabi/5.4.1/armv7-m/crtbegin.o
 .text.ISR_TIMER
                0x00000084       0x10 .\CortexM3\ARM_GCC_541\Debug\main.o
                0x00000084                ISR_TIMER
 .text.main     0x00000094       0x78 .\CortexM3\ARM_GCC_541\Debug\main.o
                0x00000094                main
 .text.uartPrintInt
                0x0000010c       0x18 .\CortexM3\ARM_GCC_541\Debug\main.o
                0x0000010c                uartPrintInt
 .text.ISR_INPUT
                0x00000124       0x38 .\CortexM3\ARM_GCC_541\Debug\main.o
                0x00000124                ISR_INPUT
 .text.CyClockStartupError
                0x0000015c        0x4 .\CortexM3\ARM_GCC_541\Debug\cyfitter_cfg.o
 .text.cfg_write_bytes32
                0x00000160       0x34 .\CortexM3\ARM_GCC_541\Debug\cyfitter_cfg.o
 .text.AnalogSetDefault
                0x00000194       0x28 .\CortexM3\ARM_GCC_541\Debug\cyfitter_cfg.o
 .text.CYMEMZERO
                0x000001bc        0xc .\CortexM3\ARM_GCC_541\Debug\cyfitter_cfg.o
 .text.ClockSetup
                0x000001c8       0xb8 .\CortexM3\ARM_GCC_541\Debug\cyfitter_cfg.o
 .text.CYCONFIGCPY
                0x00000280        0x8 .\CortexM3\ARM_GCC_541\Debug\cyfitter_cfg.o
 .text.cyfitter_cfg
                0x00000288      0x110 .\CortexM3\ARM_GCC_541\Debug\cyfitter_cfg.o
                0x00000288                cyfitter_cfg
 .text.IntDefaultHandler
                0x00000398       0x10 .\CortexM3\ARM_GCC_541\Debug\Cm3Start.o
                0x00000398                IntDefaultHandler
 .text.Start_c  0x000003a8       0x4c .\CortexM3\ARM_GCC_541\Debug\Cm3Start.o
                0x000003a8                Start_c
 .text.initialize_psoc
                0x000003f4       0x68 .\CortexM3\ARM_GCC_541\Debug\Cm3Start.o
                0x000003f4                initialize_psoc
 .text.CyDelay  0x0000045c       0x2c .\CortexM3\ARM_GCC_541\Debug\RaspberryPiLatency.a(CyLib.o)
                0x0000045c                CyDelay
 .text.Pin_Output_Write
                0x00000488       0x18 .\CortexM3\ARM_GCC_541\Debug\RaspberryPiLatency.a(Pin_Output.o)
                0x00000488                Pin_Output_Write
 .text.Pin_Input_ClearInterrupt
                0x000004a0       0x10 .\CortexM3\ARM_GCC_541\Debug\RaspberryPiLatency.a(Pin_Input.o)
                0x000004a0                Pin_Input_ClearInterrupt
 .text.UART_Init
                0x000004b0       0x24 .\CortexM3\ARM_GCC_541\Debug\RaspberryPiLatency.a(UART.o)
                0x000004b0                UART_Init
 .text.UART_Enable
                0x000004d4       0x38 .\CortexM3\ARM_GCC_541\Debug\RaspberryPiLatency.a(UART.o)
                0x000004d4                UART_Enable
 .text.UART_Start
                0x0000050c       0x1c .\CortexM3\ARM_GCC_541\Debug\RaspberryPiLatency.a(UART.o)
                0x0000050c                UART_Start
 .text.UART_PutChar
                0x00000528       0x18 .\CortexM3\ARM_GCC_541\Debug\RaspberryPiLatency.a(UART.o)
                0x00000528                UART_PutChar
 .text.UART_PutString
                0x00000540       0x24 .\CortexM3\ARM_GCC_541\Debug\RaspberryPiLatency.a(UART.o)
                0x00000540                UART_PutString
 .text.UART_IntClock_Start
                0x00000564       0x1c .\CortexM3\ARM_GCC_541\Debug\RaspberryPiLatency.a(UART_IntClock.o)
                0x00000564                UART_IntClock_Start
 .text.ISR_Timer_SetVector
                0x00000580        0xc .\CortexM3\ARM_GCC_541\Debug\RaspberryPiLatency.a(ISR_Timer.o)
                0x00000580                ISR_Timer_SetVector
 .text.ISR_Timer_SetPriority
                0x0000058c       0x10 .\CortexM3\ARM_GCC_541\Debug\RaspberryPiLatency.a(ISR_Timer.o)
                0x0000058c                ISR_Timer_SetPriority
 .text.ISR_Timer_Enable
                0x0000059c        0xc .\CortexM3\ARM_GCC_541\Debug\RaspberryPiLatency.a(ISR_Timer.o)
                0x0000059c                ISR_Timer_Enable
 .text.ISR_Timer_Disable
                0x000005a8        0xc .\CortexM3\ARM_GCC_541\Debug\RaspberryPiLatency.a(ISR_Timer.o)
                0x000005a8                ISR_Timer_Disable
 .text.ISR_Timer_StartEx
                0x000005b4       0x1c .\CortexM3\ARM_GCC_541\Debug\RaspberryPiLatency.a(ISR_Timer.o)
                0x000005b4                ISR_Timer_StartEx
 .text.Timer_Enable
                0x000005d0       0x28 .\CortexM3\ARM_GCC_541\Debug\RaspberryPiLatency.a(Timer.o)
                0x000005d0                Timer_Enable
 .text.Timer_Stop
                0x000005f8       0x28 .\CortexM3\ARM_GCC_541\Debug\RaspberryPiLatency.a(Timer.o)
                0x000005f8                Timer_Stop
 .text.Timer_SetInterruptMode
                0x00000620        0xc .\CortexM3\ARM_GCC_541\Debug\RaspberryPiLatency.a(Timer.o)
                0x00000620                Timer_SetInterruptMode
 .text.Timer_WritePeriod
                0x0000062c        0xc .\CortexM3\ARM_GCC_541\Debug\RaspberryPiLatency.a(Timer.o)
                0x0000062c                Timer_WritePeriod
 .text.Timer_WriteCounter
                0x00000638        0xc .\CortexM3\ARM_GCC_541\Debug\RaspberryPiLatency.a(Timer.o)
                0x00000638                Timer_WriteCounter
 .text.Timer_Init
                0x00000644       0x64 .\CortexM3\ARM_GCC_541\Debug\RaspberryPiLatency.a(Timer.o)
                0x00000644                Timer_Init
 .text.Timer_Start
                0x000006a8       0x1c .\CortexM3\ARM_GCC_541\Debug\RaspberryPiLatency.a(Timer.o)
                0x000006a8                Timer_Start
 .text.ISR_Input_SetVector
                0x000006c4        0xc .\CortexM3\ARM_GCC_541\Debug\RaspberryPiLatency.a(ISR_Input.o)
                0x000006c4                ISR_Input_SetVector
 .text.ISR_Input_SetPriority
                0x000006d0       0x10 .\CortexM3\ARM_GCC_541\Debug\RaspberryPiLatency.a(ISR_Input.o)
                0x000006d0                ISR_Input_SetPriority
 .text.ISR_Input_Enable
                0x000006e0        0xc .\CortexM3\ARM_GCC_541\Debug\RaspberryPiLatency.a(ISR_Input.o)
                0x000006e0                ISR_Input_Enable
 .text.ISR_Input_Disable
                0x000006ec        0xc .\CortexM3\ARM_GCC_541\Debug\RaspberryPiLatency.a(ISR_Input.o)
                0x000006ec                ISR_Input_Disable
 .text.ISR_Input_StartEx
                0x000006f8       0x1c .\CortexM3\ARM_GCC_541\Debug\RaspberryPiLatency.a(ISR_Input.o)
                0x000006f8                ISR_Input_StartEx
 *fill*         0x00000714        0x4 
 .text          0x00000718       0x20 .\CortexM3\ARM_GCC_541\Debug\RaspberryPiLatency.a(CyBootAsmGnu.o)
                0x00000718                CyDelayCycles
                0x00000728                CyEnterCriticalSection
                0x00000730                CyExitCriticalSection
 .text.__errno  0x00000738        0xc c:/program files (x86)/cypress/psoc creator/4.2/psoc creator/import/gnu/arm/5.4.1/bin/../lib/gcc/arm-none-eabi/5.4.1/../../../../arm-none-eabi/lib/armv7-m\libg_nano.a(lib_a-errno.o)
                0x00000738                __errno
 .text.__libc_init_array
                0x00000744       0x4c c:/program files (x86)/cypress/psoc creator/4.2/psoc creator/import/gnu/arm/5.4.1/bin/../lib/gcc/arm-none-eabi/5.4.1/../../../../arm-none-eabi/lib/armv7-m\libg_nano.a(lib_a-init.o)
                0x00000744                __libc_init_array
 .text.__itoa   0x00000790       0x2e c:/program files (x86)/cypress/psoc creator/4.2/psoc creator/import/gnu/arm/5.4.1/bin/../lib/gcc/arm-none-eabi/5.4.1/../../../../arm-none-eabi/lib/armv7-m\libg_nano.a(lib_a-itoa.o)
                0x00000790                __itoa
 .text.itoa     0x000007be        0x4 c:/program files (x86)/cypress/psoc creator/4.2/psoc creator/import/gnu/arm/5.4.1/bin/../lib/gcc/arm-none-eabi/5.4.1/../../../../arm-none-eabi/lib/armv7-m\libg_nano.a(lib_a-itoa.o)
                0x000007be                itoa
 .text.memcpy   0x000007c2       0x16 c:/program files (x86)/cypress/psoc creator/4.2/psoc creator/import/gnu/arm/5.4.1/bin/../lib/gcc/arm-none-eabi/5.4.1/../../../../arm-none-eabi/lib/armv7-m\libg_nano.a(lib_a-memcpy-stub.o)
                0x000007c2                memcpy
 .text.memset   0x000007d8       0x10 c:/program files (x86)/cypress/psoc creator/4.2/psoc creator/import/gnu/arm/5.4.1/bin/../lib/gcc/arm-none-eabi/5.4.1/../../../../arm-none-eabi/lib/armv7-m\libg_nano.a(lib_a-memset.o)
                0x000007d8                memset
 .text.__utoa   0x000007e8       0x78 c:/program files (x86)/cypress/psoc creator/4.2/psoc creator/import/gnu/arm/5.4.1/bin/../lib/gcc/arm-none-eabi/5.4.1/../../../../arm-none-eabi/lib/armv7-m\libg_nano.a(lib_a-utoa.o)
                0x000007e8                __utoa
 *(.plt)
 *(.gnu.warning)
 *(.glue_7t)
 .glue_7t       0x00000860        0x0 linker stubs
 *(.glue_7)
 .glue_7        0x00000860        0x0 linker stubs
 *(.vfp11_veneer)
 .vfp11_veneer  0x00000860        0x0 linker stubs
 *(.bootloader)
 *(.ARM.extab* .gnu.linkonce.armextab.*)
 *(.gcc_except_table)

.v4_bx          0x00000860        0x0
 .v4_bx         0x00000860        0x0 linker stubs

.iplt           0x00000860        0x0
 .iplt          0x00000860        0x0 c:/program files (x86)/cypress/psoc creator/4.2/psoc creator/import/gnu/arm/5.4.1/bin/../lib/gcc/arm-none-eabi/5.4.1/armv7-m/crtbegin.o

.eh_frame_hdr
 *(.eh_frame_hdr)

.eh_frame       0x00000860        0x4
 *(.eh_frame)
 .eh_frame      0x00000860        0x0 c:/program files (x86)/cypress/psoc creator/4.2/psoc creator/import/gnu/arm/5.4.1/bin/../lib/gcc/arm-none-eabi/5.4.1/armv7-m/crtbegin.o
 .eh_frame      0x00000860        0x4 c:/program files (x86)/cypress/psoc creator/4.2/psoc creator/import/gnu/arm/5.4.1/bin/../lib/gcc/arm-none-eabi/5.4.1/armv7-m/crtend.o
                [!provide]                PROVIDE (__exidx_start, .)

.ARM.exidx
 *(.ARM.exidx* .gnu.linkonce.armexidx.*)
                0x00000864                __exidx_end = .

.rodata         0x00000864       0xc4
 *(.rodata .rodata.* .gnu.linkonce.r.*)
 .rodata.str1.4
                0x00000864       0x24 .\CortexM3\ARM_GCC_541\Debug\main.o
                                 0x21 (size before relaxing)
 .rodata        0x00000888       0x42 .\CortexM3\ARM_GCC_541\Debug\cyfitter_cfg.o
 .rodata.str1.1
                0x000008ca        0x2 c:/program files (x86)/cypress/psoc creator/4.2/psoc creator/import/gnu/arm/5.4.1/bin/../lib/gcc/arm-none-eabi/5.4.1/../../../../arm-none-eabi/lib/armv7-m\libg_nano.a(lib_a-impure.o)
 .rodata.str1.1
                0x000008cc       0x25 c:/program files (x86)/cypress/psoc creator/4.2/psoc creator/import/gnu/arm/5.4.1/bin/../lib/gcc/arm-none-eabi/5.4.1/../../../../arm-none-eabi/lib/armv7-m\libg_nano.a(lib_a-utoa.o)
                0x000008f4                . = ALIGN (0x4)
 *fill*         0x000008f1        0x3 
 *(.init)
 .init          0x000008f4        0x4 c:/program files (x86)/cypress/psoc creator/4.2/psoc creator/import/gnu/arm/5.4.1/bin/../lib/gcc/arm-none-eabi/5.4.1/armv7-m/crti.o
                0x000008f4                _init
 .init          0x000008f8        0x8 c:/program files (x86)/cypress/psoc creator/4.2/psoc creator/import/gnu/arm/5.4.1/bin/../lib/gcc/arm-none-eabi/5.4.1/armv7-m/crtn.o
                0x00000900                . = ALIGN (0x4)
                0x00000900                __preinit_array_start = .
 *(.preinit_array)
                0x00000900                __preinit_array_end = .
                0x00000900                . = ALIGN (0x4)
                0x00000900                __init_array_start = .
 *(SORT(.init_array.*))
 *(.init_array)
 .init_array    0x00000900        0x4 c:/program files (x86)/cypress/psoc creator/4.2/psoc creator/import/gnu/arm/5.4.1/bin/../lib/gcc/arm-none-eabi/5.4.1/armv7-m/crtbegin.o
 .init_array    0x00000904        0x4 .\CortexM3\ARM_GCC_541\Debug\Cm3Start.o
                0x00000908                __init_array_end = .
                0x00000908                . = ALIGN (0x4)
 *(.fini)
 .fini          0x00000908        0x4 c:/program files (x86)/cypress/psoc creator/4.2/psoc creator/import/gnu/arm/5.4.1/bin/../lib/gcc/arm-none-eabi/5.4.1/armv7-m/crti.o
                0x00000908                _fini
 .fini          0x0000090c        0x8 c:/program files (x86)/cypress/psoc creator/4.2/psoc creator/import/gnu/arm/5.4.1/bin/../lib/gcc/arm-none-eabi/5.4.1/armv7-m/crtn.o
                0x00000914                . = ALIGN (0x4)
                0x00000914                __fini_array_start = .
 *(.fini_array)
 .fini_array    0x00000914        0x4 c:/program files (x86)/cypress/psoc creator/4.2/psoc creator/import/gnu/arm/5.4.1/bin/../lib/gcc/arm-none-eabi/5.4.1/armv7-m/crtbegin.o
 *(SORT(.fini_array.*))
                0x00000918                __fini_array_end = .
                0x00000918                . = ALIGN (0x4)
 *crtbegin.o(.ctors)
 *(EXCLUDE_FILE(*crtend.o) .ctors)
 *(SORT(.ctors.*))
 *crtend.o(.ctors)
                0x00000918                . = ALIGN (0x4)
 *crtbegin.o(.dtors)
 *(EXCLUDE_FILE(*crtend.o) .dtors)
 *(SORT(.dtors.*))
 *crtend.o(.dtors)
                0x00000918                . = ALIGN (0x4)
                0x00000918                __cy_regions = .
                0x00000918        0x4 LONG 0x928 __cy_region_init_ram
                0x0000091c        0x4 LONG 0x1fff80c8 __cy_region_start_data
                0x00000920        0x4 LONG 0x78 __cy_region_init_size_ram
                0x00000924        0x4 LONG 0x28 __cy_region_zero_size_ram
                0x00000928                __cy_regions_end = .
                0x00000928                . = ALIGN (0x8)
                0x00000928                _etext = .

.cy_checksum_exclude
                0x00000928        0x0
 *(.cy_checksum_exclude)

.ramvectors     0x1fff8000       0xc0
                0x1fff8000                __cy_region_start_ram = .
 *(.ramvectors)
 .ramvectors    0x1fff8000       0xc0 .\CortexM3\ARM_GCC_541\Debug\Cm3Start.o
                0x1fff8000                CyRamVectors

.noinit         0x1fff80c0        0x1
 *(.noinit)
 .noinit        0x1fff80c0        0x1 .\CortexM3\ARM_GCC_541\Debug\RaspberryPiLatency.a(CyLib.o)
                0x1fff80c0                CyResetStatus

.data           0x1fff80c8       0x78 load address 0x00000928
                0x1fff80c8                __cy_region_start_data = .
 *(.jcr)
 .jcr           0x1fff80c8        0x0 c:/program files (x86)/cypress/psoc creator/4.2/psoc creator/import/gnu/arm/5.4.1/bin/../lib/gcc/arm-none-eabi/5.4.1/armv7-m/crtbegin.o
 .jcr           0x1fff80c8        0x4 c:/program files (x86)/cypress/psoc creator/4.2/psoc creator/import/gnu/arm/5.4.1/bin/../lib/gcc/arm-none-eabi/5.4.1/armv7-m/crtend.o
 *(.got.plt)
 *(.got)
 *(.shdata)
 *(.data .data.* .gnu.linkonce.d.*)
 .data          0x1fff80cc       0x10 .\CortexM3\ARM_GCC_541\Debug\RaspberryPiLatency.a(CyLib.o)
                0x1fff80cc                cydelay_32k_ms
                0x1fff80d0                cydelay_freq_khz
                0x1fff80d4                cydelay_freq_mhz
                0x1fff80d8                cydelay_freq_hz
 .data.impure_data
                0x1fff80dc       0x60 c:/program files (x86)/cypress/psoc creator/4.2/psoc creator/import/gnu/arm/5.4.1/bin/../lib/gcc/arm-none-eabi/5.4.1/../../../../arm-none-eabi/lib/armv7-m\libg_nano.a(lib_a-impure.o)
 .data._impure_ptr
                0x1fff813c        0x4 c:/program files (x86)/cypress/psoc creator/4.2/psoc creator/import/gnu/arm/5.4.1/bin/../lib/gcc/arm-none-eabi/5.4.1/../../../../arm-none-eabi/lib/armv7-m\libg_nano.a(lib_a-impure.o)
                0x1fff813c                _impure_ptr
                0x1fff8140                . = ALIGN (0x8)
 *(.ram)
                0x1fff8140                _edata = .

.igot.plt       0x1fff8140        0x0 load address 0x000009a0
 .igot.plt      0x1fff8140        0x0 c:/program files (x86)/cypress/psoc creator/4.2/psoc creator/import/gnu/arm/5.4.1/bin/../lib/gcc/arm-none-eabi/5.4.1/armv7-m/crtbegin.o

.bss            0x1fff8140       0x28 load address 0x000009a0
                0x1fff8140                PROVIDE (__bss_start__, .)
 *(.shbss)
 *(.bss .bss.* .gnu.linkonce.b.*)
 .bss           0x1fff8140       0x1c c:/program files (x86)/cypress/psoc creator/4.2/psoc creator/import/gnu/arm/5.4.1/bin/../lib/gcc/arm-none-eabi/5.4.1/armv7-m/crtbegin.o
 .bss           0x1fff815c        0x8 .\CortexM3\ARM_GCC_541\Debug\main.o
                0x1fff815c                count
                0x1fff8160                timer_is_running
 .bss           0x1fff8164        0x2 .\CortexM3\ARM_GCC_541\Debug\RaspberryPiLatency.a(UART.o)
                0x1fff8164                UART_initVar
 .bss           0x1fff8166        0x1 .\CortexM3\ARM_GCC_541\Debug\RaspberryPiLatency.a(Timer.o)
                0x1fff8166                Timer_initVar
 *(COMMON)
                0x1fff8168                . = ALIGN (0x8)
 *fill*         0x1fff8167        0x1 
 *(.ram.b)
                0x1fff8168                _end = .
                0x1fff8168                __end = .
                0x1fff8168                PROVIDE (end, .)
                0x1fff8168                PROVIDE (__bss_end__, .)
                0x00000928                __cy_region_init_ram = LOADADDR (.data)
                0x00000078                __cy_region_init_size_ram = (_edata - ADDR (.data))
                0x00000028                __cy_region_zero_size_ram = (_end - _edata)

.heap           0x1fff8168       0x80 load address 0x000009a0
                0x1fff8168                . = _end
                0x1fff81e8                . = (. + 0x80)
 *fill*         0x1fff8168       0x80 
                0x1fff81e8                __cy_heap_limit = .

.stack          0x20007800      0x800
                0x20007800                __cy_stack_limit = .
                0x20008000                . = (. + 0x800)
 *fill*         0x20007800      0x800 
                0x00000001                ASSERT ((__cy_stack_limit >= __cy_heap_limit), region RAM overflowed with stack)
                0x00000000                cy_checksum_exclude_size = (CY_APPL_LOADABLE == 0x1)?SIZEOF (.cy_checksum_exclude):0x0
                0x00000001                ASSERT ((cy_checksum_exclude_size <= CY_CHECKSUM_EXCLUDE_SIZE), CY_BOOT: Section .cy_checksum_exclude size exceedes specified limit.)

.cyloadermeta
 *(.cyloadermeta)

.cyloadablemeta
 *(.cyloadablemeta)

.cyconfigecc    0x80000000      0x320
 *(.cyconfigecc)
 .cyconfigecc   0x80000000      0x320 .\CortexM3\ARM_GCC_541\Debug\cymetadata.o
                0x80000000                cy_meta_configecc

.cycustnvl      0x90000000        0x4
 *(.cycustnvl)
 .cycustnvl     0x90000000        0x4 .\CortexM3\ARM_GCC_541\Debug\cymetadata.o
                0x90000000                cy_meta_custnvl

.cywolatch      0x90100000        0x4
 *(.cywolatch)
 .cywolatch     0x90100000        0x4 .\CortexM3\ARM_GCC_541\Debug\cymetadata.o
                0x90100000                cy_meta_wonvl

.cyeeprom       0x90200000        0x0
 *(.cyeeprom)
                0x00000001                ASSERT ((. <= ((0x90200000 + ee_offset) + ee_size)), .cyeeprom data will not fit in EEPROM)

.cyflashprotect
                0x90400000      0x100
 *(.cyflashprotect)
 .cyflashprotect
                0x90400000      0x100 .\CortexM3\ARM_GCC_541\Debug\cymetadata.o
                0x90400000                cy_meta_flashprotect

.cymeta         0x90500000        0xc
 *(.cymeta)
 .cymeta        0x90500000        0xc .\CortexM3\ARM_GCC_541\Debug\cymetadata.o
                0x90500000                cy_metadata

.rel.dyn        0x000009a0        0x0 load address 0x9050000c
 .rel.iplt      0x000009a0        0x0 c:/program files (x86)/cypress/psoc creator/4.2/psoc creator/import/gnu/arm/5.4.1/bin/../lib/gcc/arm-none-eabi/5.4.1/armv7-m/crtbegin.o

.stab
 *(.stab)

.stabstr
 *(.stabstr)

.debug
 *(.debug)

.line
 *(.line)

.debug_srcinfo
 *(.debug_srcinfo)

.debug_sfnames
 *(.debug_sfnames)

.debug_aranges  0x00000000      0x8b8
 *(.debug_aranges)
 .debug_aranges
                0x00000000       0x38 .\CortexM3\ARM_GCC_541\Debug\main.o
 .debug_aranges
                0x00000038       0x58 .\CortexM3\ARM_GCC_541\Debug\cyfitter_cfg.o
 .debug_aranges
                0x00000090       0x18 .\CortexM3\ARM_GCC_541\Debug\cymetadata.o
 .debug_aranges
                0x000000a8       0x48 .\CortexM3\ARM_GCC_541\Debug\Cm3Start.o
 .debug_aranges
                0x000000f0      0x2a0 .\CortexM3\ARM_GCC_541\Debug\RaspberryPiLatency.a(CyLib.o)
 .debug_aranges
                0x00000390       0x98 .\CortexM3\ARM_GCC_541\Debug\RaspberryPiLatency.a(cyPm.o)
 .debug_aranges
                0x00000428       0x38 .\CortexM3\ARM_GCC_541\Debug\RaspberryPiLatency.a(Pin_Output.o)
 .debug_aranges
                0x00000460       0x48 .\CortexM3\ARM_GCC_541\Debug\RaspberryPiLatency.a(Pin_Input.o)
 .debug_aranges
                0x000004a8       0xf0 .\CortexM3\ARM_GCC_541\Debug\RaspberryPiLatency.a(UART.o)
 .debug_aranges
                0x00000598       0x70 .\CortexM3\ARM_GCC_541\Debug\RaspberryPiLatency.a(UART_IntClock.o)
 .debug_aranges
                0x00000608       0x80 .\CortexM3\ARM_GCC_541\Debug\RaspberryPiLatency.a(ISR_Timer.o)
 .debug_aranges
                0x00000688       0x88 .\CortexM3\ARM_GCC_541\Debug\RaspberryPiLatency.a(Timer.o)
 .debug_aranges
                0x00000710       0x80 .\CortexM3\ARM_GCC_541\Debug\RaspberryPiLatency.a(ISR_Input.o)
 .debug_aranges
                0x00000790       0x20 .\CortexM3\ARM_GCC_541\Debug\RaspberryPiLatency.a(CyBootAsmGnu.o)
 .debug_aranges
                0x000007b0       0x88 .\CortexM3\ARM_GCC_541\Debug\RaspberryPiLatency.a(CyFlash.o)
 .debug_aranges
                0x00000838       0x80 .\CortexM3\ARM_GCC_541\Debug\RaspberryPiLatency.a(CySpc.o)

.debug_pubnames
 *(.debug_pubnames)

.debug_info     0x00000000     0x4b09
 *(.debug_info .gnu.linkonce.wi.*)
 .debug_info    0x00000000      0x337 .\CortexM3\ARM_GCC_541\Debug\main.o
 .debug_info    0x00000337      0x595 .\CortexM3\ARM_GCC_541\Debug\cyfitter_cfg.o
 .debug_info    0x000008cc      0x135 .\CortexM3\ARM_GCC_541\Debug\cymetadata.o
 .debug_info    0x00000a01      0x3bb .\CortexM3\ARM_GCC_541\Debug\Cm3Start.o
 .debug_info    0x00000dbc     0x1374 .\CortexM3\ARM_GCC_541\Debug\RaspberryPiLatency.a(CyLib.o)
 .debug_info    0x00002130      0xa2a .\CortexM3\ARM_GCC_541\Debug\RaspberryPiLatency.a(cyPm.o)
 .debug_info    0x00002b5a      0x11f .\CortexM3\ARM_GCC_541\Debug\RaspberryPiLatency.a(Pin_Output.o)
 .debug_info    0x00002c79      0x174 .\CortexM3\ARM_GCC_541\Debug\RaspberryPiLatency.a(Pin_Input.o)
 .debug_info    0x00002ded      0x60c .\CortexM3\ARM_GCC_541\Debug\RaspberryPiLatency.a(UART.o)
 .debug_info    0x000033f9      0x283 .\CortexM3\ARM_GCC_541\Debug\RaspberryPiLatency.a(UART_IntClock.o)
 .debug_info    0x0000367c      0x2d2 .\CortexM3\ARM_GCC_541\Debug\RaspberryPiLatency.a(ISR_Timer.o)
 .debug_info    0x0000394e      0x293 .\CortexM3\ARM_GCC_541\Debug\RaspberryPiLatency.a(Timer.o)
 .debug_info    0x00003be1      0x2d2 .\CortexM3\ARM_GCC_541\Debug\RaspberryPiLatency.a(ISR_Input.o)
 .debug_info    0x00003eb3       0xb9 .\CortexM3\ARM_GCC_541\Debug\RaspberryPiLatency.a(CyBootAsmGnu.o)
 .debug_info    0x00003f6c      0x64d .\CortexM3\ARM_GCC_541\Debug\RaspberryPiLatency.a(CyFlash.o)
 .debug_info    0x000045b9      0x550 .\CortexM3\ARM_GCC_541\Debug\RaspberryPiLatency.a(CySpc.o)

.debug_abbrev   0x00000000     0x14af
 *(.debug_abbrev)
 .debug_abbrev  0x00000000      0x138 .\CortexM3\ARM_GCC_541\Debug\main.o
 .debug_abbrev  0x00000138      0x20d .\CortexM3\ARM_GCC_541\Debug\cyfitter_cfg.o
 .debug_abbrev  0x00000345       0x66 .\CortexM3\ARM_GCC_541\Debug\cymetadata.o
 .debug_abbrev  0x000003ab      0x1e8 .\CortexM3\ARM_GCC_541\Debug\Cm3Start.o
 .debug_abbrev  0x00000593      0x254 .\CortexM3\ARM_GCC_541\Debug\RaspberryPiLatency.a(CyLib.o)
 .debug_abbrev  0x000007e7      0x1ab .\CortexM3\ARM_GCC_541\Debug\RaspberryPiLatency.a(cyPm.o)
 .debug_abbrev  0x00000992       0x90 .\CortexM3\ARM_GCC_541\Debug\RaspberryPiLatency.a(Pin_Output.o)
 .debug_abbrev  0x00000a22       0x90 .\CortexM3\ARM_GCC_541\Debug\RaspberryPiLatency.a(Pin_Input.o)
 .debug_abbrev  0x00000ab2      0x175 .\CortexM3\ARM_GCC_541\Debug\RaspberryPiLatency.a(UART.o)
 .debug_abbrev  0x00000c27      0x139 .\CortexM3\ARM_GCC_541\Debug\RaspberryPiLatency.a(UART_IntClock.o)
 .debug_abbrev  0x00000d60      0x173 .\CortexM3\ARM_GCC_541\Debug\RaspberryPiLatency.a(ISR_Timer.o)
 .debug_abbrev  0x00000ed3      0x11a .\CortexM3\ARM_GCC_541\Debug\RaspberryPiLatency.a(Timer.o)
 .debug_abbrev  0x00000fed      0x173 .\CortexM3\ARM_GCC_541\Debug\RaspberryPiLatency.a(ISR_Input.o)
 .debug_abbrev  0x00001160       0x14 .\CortexM3\ARM_GCC_541\Debug\RaspberryPiLatency.a(CyBootAsmGnu.o)
 .debug_abbrev  0x00001174      0x1a7 .\CortexM3\ARM_GCC_541\Debug\RaspberryPiLatency.a(CyFlash.o)
 .debug_abbrev  0x0000131b      0x194 .\CortexM3\ARM_GCC_541\Debug\RaspberryPiLatency.a(CySpc.o)

.debug_line     0x00000000     0x2197
 *(.debug_line)
 .debug_line    0x00000000      0x28a .\CortexM3\ARM_GCC_541\Debug\main.o
 .debug_line    0x0000028a      0x1f3 .\CortexM3\ARM_GCC_541\Debug\cyfitter_cfg.o
 .debug_line    0x0000047d      0x141 .\CortexM3\ARM_GCC_541\Debug\cymetadata.o
 .debug_line    0x000005be      0x234 .\CortexM3\ARM_GCC_541\Debug\Cm3Start.o
 .debug_line    0x000007f2      0x816 .\CortexM3\ARM_GCC_541\Debug\RaspberryPiLatency.a(CyLib.o)
 .debug_line    0x00001008      0x367 .\CortexM3\ARM_GCC_541\Debug\RaspberryPiLatency.a(cyPm.o)
 .debug_line    0x0000136f       0x97 .\CortexM3\ARM_GCC_541\Debug\RaspberryPiLatency.a(Pin_Output.o)
 .debug_line    0x00001406       0xba .\CortexM3\ARM_GCC_541\Debug\RaspberryPiLatency.a(Pin_Input.o)
 .debug_line    0x000014c0      0x2bc .\CortexM3\ARM_GCC_541\Debug\RaspberryPiLatency.a(UART.o)
 .debug_line    0x0000177c      0x17c .\CortexM3\ARM_GCC_541\Debug\RaspberryPiLatency.a(UART_IntClock.o)
 .debug_line    0x000018f8      0x136 .\CortexM3\ARM_GCC_541\Debug\RaspberryPiLatency.a(ISR_Timer.o)
 .debug_line    0x00001a2e      0x153 .\CortexM3\ARM_GCC_541\Debug\RaspberryPiLatency.a(Timer.o)
 .debug_line    0x00001b81      0x136 .\CortexM3\ARM_GCC_541\Debug\RaspberryPiLatency.a(ISR_Input.o)
 .debug_line    0x00001cb7       0x66 .\CortexM3\ARM_GCC_541\Debug\RaspberryPiLatency.a(CyBootAsmGnu.o)
 .debug_line    0x00001d1d      0x21a .\CortexM3\ARM_GCC_541\Debug\RaspberryPiLatency.a(CyFlash.o)
 .debug_line    0x00001f37      0x260 .\CortexM3\ARM_GCC_541\Debug\RaspberryPiLatency.a(CySpc.o)

.debug_frame    0x00000000     0x168c
 *(.debug_frame)
 .debug_frame   0x00000000       0x74 .\CortexM3\ARM_GCC_541\Debug\main.o
 .debug_frame   0x00000074       0xe4 .\CortexM3\ARM_GCC_541\Debug\cyfitter_cfg.o
 .debug_frame   0x00000158       0xb8 .\CortexM3\ARM_GCC_541\Debug\Cm3Start.o
 .debug_frame   0x00000210      0x738 .\CortexM3\ARM_GCC_541\Debug\RaspberryPiLatency.a(CyLib.o)
 .debug_frame   0x00000948      0x1f8 .\CortexM3\ARM_GCC_541\Debug\RaspberryPiLatency.a(cyPm.o)
 .debug_frame   0x00000b40       0x50 .\CortexM3\ARM_GCC_541\Debug\RaspberryPiLatency.a(Pin_Output.o)
 .debug_frame   0x00000b90       0x70 .\CortexM3\ARM_GCC_541\Debug\RaspberryPiLatency.a(Pin_Input.o)
 .debug_frame   0x00000c00      0x250 .\CortexM3\ARM_GCC_541\Debug\RaspberryPiLatency.a(UART.o)
 .debug_frame   0x00000e50       0xe0 .\CortexM3\ARM_GCC_541\Debug\RaspberryPiLatency.a(UART_IntClock.o)
 .debug_frame   0x00000f30      0x104 .\CortexM3\ARM_GCC_541\Debug\RaspberryPiLatency.a(ISR_Timer.o)
 .debug_frame   0x00001034      0x108 .\CortexM3\ARM_GCC_541\Debug\RaspberryPiLatency.a(Timer.o)
 .debug_frame   0x0000113c      0x104 .\CortexM3\ARM_GCC_541\Debug\RaspberryPiLatency.a(ISR_Input.o)
 .debug_frame   0x00001240      0x194 .\CortexM3\ARM_GCC_541\Debug\RaspberryPiLatency.a(CyFlash.o)
 .debug_frame   0x000013d4      0x180 .\CortexM3\ARM_GCC_541\Debug\RaspberryPiLatency.a(CySpc.o)
 .debug_frame   0x00001554       0x20 c:/program files (x86)/cypress/psoc creator/4.2/psoc creator/import/gnu/arm/5.4.1/bin/../lib/gcc/arm-none-eabi/5.4.1/../../../../arm-none-eabi/lib/armv7-m\libg_nano.a(lib_a-errno.o)
 .debug_frame   0x00001574       0x28 c:/program files (x86)/cypress/psoc creator/4.2/psoc creator/import/gnu/arm/5.4.1/bin/../lib/gcc/arm-none-eabi/5.4.1/../../../../arm-none-eabi/lib/armv7-m\libg_nano.a(lib_a-exit.o)
 .debug_frame   0x0000159c       0x2c c:/program files (x86)/cypress/psoc creator/4.2/psoc creator/import/gnu/arm/5.4.1/bin/../lib/gcc/arm-none-eabi/5.4.1/../../../../arm-none-eabi/lib/armv7-m\libg_nano.a(lib_a-init.o)
 .debug_frame   0x000015c8       0x38 c:/program files (x86)/cypress/psoc creator/4.2/psoc creator/import/gnu/arm/5.4.1/bin/../lib/gcc/arm-none-eabi/5.4.1/../../../../arm-none-eabi/lib/armv7-m\libg_nano.a(lib_a-itoa.o)
 .debug_frame   0x00001600       0x28 c:/program files (x86)/cypress/psoc creator/4.2/psoc creator/import/gnu/arm/5.4.1/bin/../lib/gcc/arm-none-eabi/5.4.1/../../../../arm-none-eabi/lib/armv7-m\libg_nano.a(lib_a-memcpy-stub.o)
 .debug_frame   0x00001628       0x20 c:/program files (x86)/cypress/psoc creator/4.2/psoc creator/import/gnu/arm/5.4.1/bin/../lib/gcc/arm-none-eabi/5.4.1/../../../../arm-none-eabi/lib/armv7-m\libg_nano.a(lib_a-memset.o)
 .debug_frame   0x00001648       0x44 c:/program files (x86)/cypress/psoc creator/4.2/psoc creator/import/gnu/arm/5.4.1/bin/../lib/gcc/arm-none-eabi/5.4.1/../../../../arm-none-eabi/lib/armv7-m\libg_nano.a(lib_a-utoa.o)

.debug_str      0x00000000     0x1c24
 *(.debug_str)
 .debug_str     0x00000000      0x234 .\CortexM3\ARM_GCC_541\Debug\main.o
                                0x293 (size before relaxing)
 .debug_str     0x00000234      0x1b6 .\CortexM3\ARM_GCC_541\Debug\cyfitter_cfg.o
                                0x36d (size before relaxing)
 .debug_str     0x000003ea       0x7f .\CortexM3\ARM_GCC_541\Debug\cymetadata.o
                                0x20d (size before relaxing)
 .debug_str     0x00000469      0x144 .\CortexM3\ARM_GCC_541\Debug\Cm3Start.o
                                0x333 (size before relaxing)
 .debug_str     0x000005ad      0x84c .\CortexM3\ARM_GCC_541\Debug\RaspberryPiLatency.a(CyLib.o)
                                0xa70 (size before relaxing)
 .debug_str     0x00000df9      0x365 .\CortexM3\ARM_GCC_541\Debug\RaspberryPiLatency.a(cyPm.o)
                                0x75c (size before relaxing)
 .debug_str     0x0000115e       0x6e .\CortexM3\ARM_GCC_541\Debug\RaspberryPiLatency.a(Pin_Output.o)
                                0x224 (size before relaxing)
 .debug_str     0x000011cc       0x93 .\CortexM3\ARM_GCC_541\Debug\RaspberryPiLatency.a(Pin_Input.o)
                                0x263 (size before relaxing)
 .debug_str     0x0000125f      0x28d .\CortexM3\ARM_GCC_541\Debug\RaspberryPiLatency.a(UART.o)
                                0x49e (size before relaxing)
 .debug_str     0x000014ec      0x183 .\CortexM3\ARM_GCC_541\Debug\RaspberryPiLatency.a(UART_IntClock.o)
                                0x35f (size before relaxing)
 .debug_str     0x0000166f      0x10c .\CortexM3\ARM_GCC_541\Debug\RaspberryPiLatency.a(ISR_Timer.o)
                                0x307 (size before relaxing)
 .debug_str     0x0000177b      0x136 .\CortexM3\ARM_GCC_541\Debug\RaspberryPiLatency.a(Timer.o)
                                0x31e (size before relaxing)
 .debug_str     0x000018b1      0x10c .\CortexM3\ARM_GCC_541\Debug\RaspberryPiLatency.a(ISR_Input.o)
                                0x307 (size before relaxing)
 .debug_str     0x000019bd      0x1bb .\CortexM3\ARM_GCC_541\Debug\RaspberryPiLatency.a(CyFlash.o)
                                0x3e9 (size before relaxing)
 .debug_str     0x00001b78       0xac .\CortexM3\ARM_GCC_541\Debug\RaspberryPiLatency.a(CySpc.o)
                                0x361 (size before relaxing)

.debug_loc      0x00000000     0x1f80
 *(.debug_loc)
 .debug_loc     0x00000000       0x40 .\CortexM3\ARM_GCC_541\Debug\main.o
 .debug_loc     0x00000040      0x25a .\CortexM3\ARM_GCC_541\Debug\cyfitter_cfg.o
 .debug_loc     0x0000029a      0x144 .\CortexM3\ARM_GCC_541\Debug\Cm3Start.o
 .debug_loc     0x000003de      0xa11 .\CortexM3\ARM_GCC_541\Debug\RaspberryPiLatency.a(CyLib.o)
 .debug_loc     0x00000def      0x1e4 .\CortexM3\ARM_GCC_541\Debug\RaspberryPiLatency.a(cyPm.o)
 .debug_loc     0x00000fd3       0x42 .\CortexM3\ARM_GCC_541\Debug\RaspberryPiLatency.a(Pin_Output.o)
 .debug_loc     0x00001015       0x84 .\CortexM3\ARM_GCC_541\Debug\RaspberryPiLatency.a(Pin_Input.o)
 .debug_loc     0x00001099      0x258 .\CortexM3\ARM_GCC_541\Debug\RaspberryPiLatency.a(UART.o)
 .debug_loc     0x000012f1      0x12c .\CortexM3\ARM_GCC_541\Debug\RaspberryPiLatency.a(UART_IntClock.o)
 .debug_loc     0x0000141d       0x56 .\CortexM3\ARM_GCC_541\Debug\RaspberryPiLatency.a(ISR_Timer.o)
 .debug_loc     0x00001473       0x56 .\CortexM3\ARM_GCC_541\Debug\RaspberryPiLatency.a(ISR_Input.o)
 .debug_loc     0x000014c9      0x3b2 .\CortexM3\ARM_GCC_541\Debug\RaspberryPiLatency.a(CyFlash.o)
 .debug_loc     0x0000187b      0x705 .\CortexM3\ARM_GCC_541\Debug\RaspberryPiLatency.a(CySpc.o)

.debug_macinfo
 *(.debug_macinfo)

.debug_ranges   0x00000000      0x7a0
 *(.debug_ranges)
 .debug_ranges  0x00000000       0x28 .\CortexM3\ARM_GCC_541\Debug\main.o
 .debug_ranges  0x00000028       0x48 .\CortexM3\ARM_GCC_541\Debug\cyfitter_cfg.o
 .debug_ranges  0x00000070       0x38 .\CortexM3\ARM_GCC_541\Debug\Cm3Start.o
 .debug_ranges  0x000000a8      0x290 .\CortexM3\ARM_GCC_541\Debug\RaspberryPiLatency.a(CyLib.o)
 .debug_ranges  0x00000338       0x88 .\CortexM3\ARM_GCC_541\Debug\RaspberryPiLatency.a(cyPm.o)
 .debug_ranges  0x000003c0       0x28 .\CortexM3\ARM_GCC_541\Debug\RaspberryPiLatency.a(Pin_Output.o)
 .debug_ranges  0x000003e8       0x38 .\CortexM3\ARM_GCC_541\Debug\RaspberryPiLatency.a(Pin_Input.o)
 .debug_ranges  0x00000420       0xe0 .\CortexM3\ARM_GCC_541\Debug\RaspberryPiLatency.a(UART.o)
 .debug_ranges  0x00000500       0x60 .\CortexM3\ARM_GCC_541\Debug\RaspberryPiLatency.a(UART_IntClock.o)
 .debug_ranges  0x00000560       0x70 .\CortexM3\ARM_GCC_541\Debug\RaspberryPiLatency.a(ISR_Timer.o)
 .debug_ranges  0x000005d0       0x78 .\CortexM3\ARM_GCC_541\Debug\RaspberryPiLatency.a(Timer.o)
 .debug_ranges  0x00000648       0x70 .\CortexM3\ARM_GCC_541\Debug\RaspberryPiLatency.a(ISR_Input.o)
 .debug_ranges  0x000006b8       0x78 .\CortexM3\ARM_GCC_541\Debug\RaspberryPiLatency.a(CyFlash.o)
 .debug_ranges  0x00000730       0x70 .\CortexM3\ARM_GCC_541\Debug\RaspberryPiLatency.a(CySpc.o)

.comment        0x00000000       0x6e
 .comment       0x00000000       0x6e .\CortexM3\ARM_GCC_541\Debug\main.o
                                 0x6f (size before relaxing)
 .comment       0x0000006e       0x6f .\CortexM3\ARM_GCC_541\Debug\cyfitter_cfg.o
 .comment       0x0000006e       0x6f .\CortexM3\ARM_GCC_541\Debug\cymetadata.o
 .comment       0x0000006e       0x6f .\CortexM3\ARM_GCC_541\Debug\Cm3Start.o
 .comment       0x0000006e       0x6f .\CortexM3\ARM_GCC_541\Debug\RaspberryPiLatency.a(CyLib.o)
 .comment       0x0000006e       0x6f .\CortexM3\ARM_GCC_541\Debug\RaspberryPiLatency.a(cyPm.o)
 .comment       0x0000006e       0x6f .\CortexM3\ARM_GCC_541\Debug\RaspberryPiLatency.a(Pin_Output.o)
 .comment       0x0000006e       0x6f .\CortexM3\ARM_GCC_541\Debug\RaspberryPiLatency.a(Pin_Input.o)
 .comment       0x0000006e       0x6f .\CortexM3\ARM_GCC_541\Debug\RaspberryPiLatency.a(UART.o)
 .comment       0x0000006e       0x6f .\CortexM3\ARM_GCC_541\Debug\RaspberryPiLatency.a(UART_IntClock.o)
 .comment       0x0000006e       0x6f .\CortexM3\ARM_GCC_541\Debug\RaspberryPiLatency.a(ISR_Timer.o)
 .comment       0x0000006e       0x6f .\CortexM3\ARM_GCC_541\Debug\RaspberryPiLatency.a(Timer.o)
 .comment       0x0000006e       0x6f .\CortexM3\ARM_GCC_541\Debug\RaspberryPiLatency.a(ISR_Input.o)
 .comment       0x0000006e       0x6f .\CortexM3\ARM_GCC_541\Debug\RaspberryPiLatency.a(CyFlash.o)
 .comment       0x0000006e       0x6f .\CortexM3\ARM_GCC_541\Debug\RaspberryPiLatency.a(CySpc.o)

.debug_weaknames
 *(.debug_weaknames)

.debug_funcnames
 *(.debug_funcnames)

.debug_typenames
 *(.debug_typenames)

.debug_varnames
 *(.debug_varnames)

.note.gnu.arm.ident
 *(.note.gnu.arm.ident)

.ARM.attributes
                0x00000000       0x29
 *(.ARM.attributes)
 .ARM.attributes
                0x00000000       0x1d c:/program files (x86)/cypress/psoc creator/4.2/psoc creator/import/gnu/arm/5.4.1/bin/../lib/gcc/arm-none-eabi/5.4.1/armv7-m/crti.o
 .ARM.attributes
                0x0000001d       0x2d c:/program files (x86)/cypress/psoc creator/4.2/psoc creator/import/gnu/arm/5.4.1/bin/../lib/gcc/arm-none-eabi/5.4.1/armv7-m/crtbegin.o
 .ARM.attributes
                0x0000004a       0x1b c:/program files (x86)/cypress/psoc creator/4.2/psoc creator/import/gnu/arm/5.4.1/bin/../lib/gcc/arm-none-eabi/5.4.1/../../../../arm-none-eabi/lib/armv7-m/crt0.o
 .ARM.attributes
                0x00000065       0x33 .\CortexM3\ARM_GCC_541\Debug\main.o
 .ARM.attributes
                0x00000098       0x33 .\CortexM3\ARM_GCC_541\Debug\cyfitter_cfg.o
 .ARM.attributes
                0x000000cb       0x33 .\CortexM3\ARM_GCC_541\Debug\cymetadata.o
 .ARM.attributes
                0x000000fe       0x33 .\CortexM3\ARM_GCC_541\Debug\Cm3Start.o
 .ARM.attributes
                0x00000131       0x33 .\CortexM3\ARM_GCC_541\Debug\RaspberryPiLatency.a(CyLib.o)
 .ARM.attributes
                0x00000164       0x33 .\CortexM3\ARM_GCC_541\Debug\RaspberryPiLatency.a(cyPm.o)
 .ARM.attributes
                0x00000197       0x33 .\CortexM3\ARM_GCC_541\Debug\RaspberryPiLatency.a(Pin_Output.o)
 .ARM.attributes
                0x000001ca       0x33 .\CortexM3\ARM_GCC_541\Debug\RaspberryPiLatency.a(Pin_Input.o)
 .ARM.attributes
                0x000001fd       0x33 .\CortexM3\ARM_GCC_541\Debug\RaspberryPiLatency.a(UART.o)
 .ARM.attributes
                0x00000230       0x33 .\CortexM3\ARM_GCC_541\Debug\RaspberryPiLatency.a(UART_IntClock.o)
 .ARM.attributes
                0x00000263       0x33 .\CortexM3\ARM_GCC_541\Debug\RaspberryPiLatency.a(ISR_Timer.o)
 .ARM.attributes
                0x00000296       0x33 .\CortexM3\ARM_GCC_541\Debug\RaspberryPiLatency.a(Timer.o)
 .ARM.attributes
                0x000002c9       0x33 .\CortexM3\ARM_GCC_541\Debug\RaspberryPiLatency.a(ISR_Input.o)
 .ARM.attributes
                0x000002fc       0x21 .\CortexM3\ARM_GCC_541\Debug\RaspberryPiLatency.a(CyBootAsmGnu.o)
 .ARM.attributes
                0x0000031d       0x33 .\CortexM3\ARM_GCC_541\Debug\RaspberryPiLatency.a(CyFlash.o)
 .ARM.attributes
                0x00000350       0x33 .\CortexM3\ARM_GCC_541\Debug\RaspberryPiLatency.a(CySpc.o)
 .ARM.attributes
                0x00000383       0x2d c:/program files (x86)/cypress/psoc creator/4.2/psoc creator/import/gnu/arm/5.4.1/bin/../lib/gcc/arm-none-eabi/5.4.1/../../../../arm-none-eabi/lib/armv7-m\libg_nano.a(lib_a-errno.o)
 .ARM.attributes
                0x000003b0       0x2d c:/program files (x86)/cypress/psoc creator/4.2/psoc creator/import/gnu/arm/5.4.1/bin/../lib/gcc/arm-none-eabi/5.4.1/../../../../arm-none-eabi/lib/armv7-m\libg_nano.a(lib_a-exit.o)
 .ARM.attributes
                0x000003dd       0x2d c:/program files (x86)/cypress/psoc creator/4.2/psoc creator/import/gnu/arm/5.4.1/bin/../lib/gcc/arm-none-eabi/5.4.1/../../../../arm-none-eabi/lib/armv7-m\libg_nano.a(lib_a-impure.o)
 .ARM.attributes
                0x0000040a       0x2d c:/program files (x86)/cypress/psoc creator/4.2/psoc creator/import/gnu/arm/5.4.1/bin/../lib/gcc/arm-none-eabi/5.4.1/../../../../arm-none-eabi/lib/armv7-m\libg_nano.a(lib_a-init.o)
 .ARM.attributes
                0x00000437       0x2d c:/program files (x86)/cypress/psoc creator/4.2/psoc creator/import/gnu/arm/5.4.1/bin/../lib/gcc/arm-none-eabi/5.4.1/../../../../arm-none-eabi/lib/armv7-m\libg_nano.a(lib_a-itoa.o)
 .ARM.attributes
                0x00000464       0x2d c:/program files (x86)/cypress/psoc creator/4.2/psoc creator/import/gnu/arm/5.4.1/bin/../lib/gcc/arm-none-eabi/5.4.1/../../../../arm-none-eabi/lib/armv7-m\libg_nano.a(lib_a-memcpy-stub.o)
 .ARM.attributes
                0x00000491       0x2d c:/program files (x86)/cypress/psoc creator/4.2/psoc creator/import/gnu/arm/5.4.1/bin/../lib/gcc/arm-none-eabi/5.4.1/../../../../arm-none-eabi/lib/armv7-m\libg_nano.a(lib_a-memset.o)
 .ARM.attributes
                0x000004be       0x2d c:/program files (x86)/cypress/psoc creator/4.2/psoc creator/import/gnu/arm/5.4.1/bin/../lib/gcc/arm-none-eabi/5.4.1/../../../../arm-none-eabi/lib/armv7-m\libg_nano.a(lib_a-utoa.o)
 .ARM.attributes
                0x000004eb       0x2d c:/program files (x86)/cypress/psoc creator/4.2/psoc creator/import/gnu/arm/5.4.1/bin/../lib/gcc/arm-none-eabi/5.4.1/armv7-m/crtend.o
 .ARM.attributes
                0x00000518       0x1d c:/program files (x86)/cypress/psoc creator/4.2/psoc creator/import/gnu/arm/5.4.1/bin/../lib/gcc/arm-none-eabi/5.4.1/armv7-m/crtn.o

/DISCARD/
 *(.note.GNU-stack)
OUTPUT(C:\Users\likem\Documents\GitHub\raspberrypi-rt-tests\Latency tests\PSOC Workspace\RaspberryPiLatency.cydsn\CortexM3\ARM_GCC_541\Debug\RaspberryPiLatency.elf elf32-littlearm)
